BL51 BANKED LINKER/LOCATER V6.22.4.0                                                    04/01/2025  17:15:30  PAGE 1


BL51 BANKED LINKER/LOCATER V6.22.4.0, INVOKED BY:
D:\SOFTWARE_KEILC51\C51\BIN\BL51.EXE .\Objects\BLHeli_S.obj TO .\Objects\J_H_30_proj PRINT (.\Listings\J_H_30_proj.m51) 
>> RAMSIZE (256)


INPUT MODULES INCLUDED:
  .\Objects\BLHeli_S.obj (BLHELI_S)


LINK MAP OF MODULE:  .\Objects\J_H_30_proj (BLHELI_S)


            TYPE    BASE      LENGTH    RELOCATION   SEGMENT NAME
            -----------------------------------------------------

            * * * * * * *   D A T A   M E M O R Y   * * * * * * *
            REG     0000H     0008H     ABSOLUTE     "REG BANK 0"
                    0008H     0018H                  *** GAP ***
            DATA    0020H     000BH     ABSOLUTE     
                    002BH     0005H                  *** GAP ***
            DATA    0030H     003FH     ABSOLUTE     
                    006FH     0011H                  *** GAP ***
            IDATA   0080H     0027H     ABSOLUTE     
                    00A7H     0029H                  *** GAP ***
            IDATA   00D0H     0030H     ABSOLUTE     

            * * * * * * *   C O D E   M E M O R Y   * * * * * * *
            CODE    0000H     0003H     ABSOLUTE     
            CODE    0003H     0002H     ABSOLUTE     
                    0005H     0006H                  *** GAP ***
            CODE    000BH     0002H     ABSOLUTE     
                    000DH     0006H                  *** GAP ***
            CODE    0013H     0002H     ABSOLUTE     
                    0015H     0006H                  *** GAP ***
            CODE    001BH     0002H     ABSOLUTE     
                    001DH     000EH                  *** GAP ***
            CODE    002BH     0002H     ABSOLUTE     
                    002DH     002EH                  *** GAP ***
            CODE    005BH     0002H     ABSOLUTE     
                    005DH     0016H                  *** GAP ***
            CODE    0073H     0002H     ABSOLUTE     
                    0075H     000BH                  *** GAP ***
            CODE    0080H     14EAH     ABSOLUTE     
                    156AH     0493H                  *** GAP ***
            CODE    19FDH     0003H     ABSOLUTE     
            CODE    1A00H     002AH     ABSOLUTE     
                    1A2AH     0016H                  *** GAP ***
            CODE    1A40H     0010H     ABSOLUTE     
            CODE    1A50H     0010H     ABSOLUTE     
            CODE    1A60H     0010H     ABSOLUTE     
                    1A70H     0190H                  *** GAP ***
            CODE    1C00H     01F6H     ABSOLUTE     



SYMBOL TABLE OF MODULE:  .\Objects\J_H_30_proj (BLHELI_S)

  VALUE           TYPE          NAME
BL51 BANKED LINKER/LOCATER V6.22.4.0                                                  04/01/2025  17:15:30  PAGE 2


  ----------------------------------

  -------         MODULE        BLHELI_S
  C:1C31H         SYMBOL        ABD
  D:00E0H         SYMBOL        ACC
  B:00E0H.0       SYMBOL        ACC_ACC0
  B:00E0H.1       SYMBOL        ACC_ACC1
  B:00E0H.2       SYMBOL        ACC_ACC2
  B:00E0H.3       SYMBOL        ACC_ACC3
  B:00E0H.4       SYMBOL        ACC_ACC4
  B:00E0H.5       SYMBOL        ACC_ACC5
  B:00E0H.6       SYMBOL        ACC_ACC6
  B:00E0H.7       SYMBOL        ACC_ACC7
  N:0003H         SYMBOL        ACOMFET
  D:00BDH         SYMBOL        ADC0
  D:00B3H         SYMBOL        ADC0AC
  D:00BCH         SYMBOL        ADC0CF
  D:00E8H         SYMBOL        ADC0CN0
  B:00E8H.6       SYMBOL        ADC0CN0_ADBMEN
  B:00E8H.4       SYMBOL        ADC0CN0_ADBUSY
  B:00E8H.0       SYMBOL        ADC0CN0_ADCM0
  B:00E8H.1       SYMBOL        ADC0CN0_ADCM1
  B:00E8H.2       SYMBOL        ADC0CN0_ADCM2
  B:00E8H.7       SYMBOL        ADC0CN0_ADEN
  B:00E8H.5       SYMBOL        ADC0CN0_ADINT
  B:00E8H.3       SYMBOL        ADC0CN0_ADWINT
  D:00B2H         SYMBOL        ADC0CN1
  N:000AH         SYMBOL        ADC0EOC_IRQN
  D:00C3H         SYMBOL        ADC0GT
  D:00C4H         SYMBOL        ADC0GTH
  D:00C3H         SYMBOL        ADC0GTL
  D:00BEH         SYMBOL        ADC0H
  D:00BDH         SYMBOL        ADC0L
  D:00C5H         SYMBOL        ADC0LT
  D:00C6H         SYMBOL        ADC0LTH
  D:00C5H         SYMBOL        ADC0LTL
  D:00BBH         SYMBOL        ADC0MX
  D:00DFH         SYMBOL        ADC0PWR
  D:00B9H         SYMBOL        ADC0TK
  N:0009H         SYMBOL        ADC0WC_IRQN
  D:005EH         SYMBOL        ADC_CONVERSION_CNT
  C:0834H         SYMBOL        ADJUST_TIMING_TWO_STEPS
  C:0899H         SYMBOL        ADJUST_TIMING_TWO_STEPS_FAST
  N:0000H         SYMBOL        APWMFET
  C:0FA2H         SYMBOL        ARMING_CHECK
  C:0F98H         SYMBOL        ARMING_INITIAL_ARM_CHECK
  C:0F81H         SYMBOL        ARMING_START
  C:103EH         SYMBOL        ARM_END_BEEP
  C:0D44H         SYMBOL        AVERAGE_THROTTLE
  C:0D63H         SYMBOL        AVERAGE_THROTTLE_DIV
  C:0D54H         SYMBOL        AVERAGE_THROTTLE_MEAS
  N:0001H         SYMBOL        A_
  N:001EH         SYMBOL        A_X_
  D:00F0H         SYMBOL        B
  D:0025H         SYMBOL        BAUDH
  D:0024H         SYMBOL        BAUDL
  N:FFE6H         SYMBOL        BAUDTIME
BL51 BANKED LINKER/LOCATER V6.22.4.0                                                  04/01/2025  17:15:30  PAGE 3


  N:0004H         SYMBOL        BCOMFET
  C:0B34H         SYMBOL        BEEP
  C:0B67H         SYMBOL        BEEP_APWMFET_OFF
  C:0B57H         SYMBOL        BEEP_APWMFET_ON
  C:0B6CH         SYMBOL        BEEP_CPWMFET_OFF
  C:0B5CH         SYMBOL        BEEP_CPWMFET_ON
  C:1079H         SYMBOL        BEEP_DELAY_SET
  C:0B1CH         SYMBOL        BEEP_F1
  C:0B22H         SYMBOL        BEEP_F2
  C:0B28H         SYMBOL        BEEP_F3
  C:0B2EH         SYMBOL        BEEP_F4
  C:0B75H         SYMBOL        BEEP_OFF
  C:0B3CH         SYMBOL        BEEP_ONOFF
  C:0B3AH         SYMBOL        BEEP_START
  D:0064H         SYMBOL        BEEP_STRENGTH
  D:0020H         SYMBOL        BIT_ACCESS
  D:0021H         SYMBOL        BIT_ACCESS_INT
  D:0026H         SYMBOL        BIT_CNT
  D:0020H         SYMBOL        BIT_REG
  D:0029H         SYMBOL        BL_FLASH_KEY_1
  D:002AH         SYMBOL        BL_FLASH_KEY_2
  C:0E1BH         SYMBOL        BOOTLOADER_DONE
  N:4B00H         SYMBOL        BOOT_BAUDRATE
  N:1E10H         SYMBOL        BOOT_DELAY
  C:1DF2H         SYMBOL        BOOT_INFO
  C:1DEEH         SYMBOL        BOOT_MSG
  N:0001H         SYMBOL        BOOT_PAGES
  C:1DE8H         SYMBOL        BOOT_SIGN
  N:1C00H         SYMBOL        BOOT_START
  N:0006H         SYMBOL        BOOT_VERSION
  N:0001H         SYMBOL        BPWMFET
  D:0028H         SYMBOL        BYTE_CNTH
  D:0027H         SYMBOL        BYTE_CNTL
  D:0021H         SYMBOL        BYTE_REG
  N:0002H         SYMBOL        B_
  B:00F0H.0       SYMBOL        B_B0
  B:00F0H.1       SYMBOL        B_B1
  B:00F0H.2       SYMBOL        B_B2
  B:00F0H.3       SYMBOL        B_B3
  B:00F0H.4       SYMBOL        B_B4
  B:00F0H.5       SYMBOL        B_B5
  B:00F0H.6       SYMBOL        B_B6
  B:00F0H.7       SYMBOL        B_B7
  N:001FH         SYMBOL        B_X_
  C:0770H         SYMBOL        CALC_NEW_WAIT_PER_DEMAG_DONE
  C:0754H         SYMBOL        CALC_NEW_WAIT_PER_STARTUP_DONE
  C:07FBH         SYMBOL        CALC_NEW_WAIT_TIMES
  C:079CH         SYMBOL        CALC_NEW_WAIT_TIMES_EXIT
  C:0880H         SYMBOL        CALC_NEW_WAIT_TIMES_FAST
  C:07E7H         SYMBOL        CALC_NEW_WAIT_TIMES_FAST_DONE
  C:0745H         SYMBOL        CALC_NEW_WAIT_TIMES_SETUP
  C:0717H         SYMBOL        CALC_NEXT_COMM_AVG_PERIOD_DIV
  C:072AH         SYMBOL        CALC_NEXT_COMM_NEW_PERIOD_DIV
  C:0733H         SYMBOL        CALC_NEXT_COMM_NEW_PERIOD_DIV_DONE
  C:06F8H         SYMBOL        CALC_NEXT_COMM_NORMAL
  C:06B8H         SYMBOL        CALC_NEXT_COMM_STARTUP
  C:06DDH         SYMBOL        CALC_NEXT_COMM_STARTUP_AVERAGE
BL51 BANKED LINKER/LOCATER V6.22.4.0                                                  04/01/2025  17:15:30  PAGE 4


  C:06CAH         SYMBOL        CALC_NEXT_COMM_STARTUP_NO_X
  C:0681H         SYMBOL        CALC_NEXT_COMM_TIMING
  C:079FH         SYMBOL        CALC_NEXT_COMM_TIMING_FAST
  N:0005H         SYMBOL        CCOMFET
  D:0034H         SYMBOL        CENTER_THROTTLE_H
  D:0033H         SYMBOL        CENTER_THROTTLE_L
  C:10CAH         SYMBOL        CHECK_DSHOT_CMD
  C:0604H         SYMBOL        CHECK_TEMP_VOLTAGE_AND_LIMIT_POWER
  C:0660H         SYMBOL        CHECK_VOLTAGE_START
  D:008EH         SYMBOL        CKCON0
  D:00A6H         SYMBOL        CKCON1
  C:125EH         SYMBOL        CLEAR_DSHOT_CMD
  C:0DE0H         SYMBOL        CLEAR_RAM
  D:00A9H         SYMBOL        CLKSEL
  D:0066H         SYMBOL        CLOCK_SET_AT_48MHZ
  D:009BH         SYMBOL        CMP0CN0
  D:0099H         SYMBOL        CMP0CN1
  D:009DH         SYMBOL        CMP0MD
  D:009FH         SYMBOL        CMP0MX
  N:000CH         SYMBOL        CMP0_IRQN
  D:00BFH         SYMBOL        CMP1CN0
  D:00ACH         SYMBOL        CMP1CN1
  D:00ABH         SYMBOL        CMP1MD
  D:00AAH         SYMBOL        CMP1MX
  N:000DH         SYMBOL        CMP1_IRQN
  C:0A5EH         SYMBOL        COMM12_REV
  C:0A4BH         SYMBOL        COMM1COMM2
  C:0A81H         SYMBOL        COMM23_REV
  C:0A6EH         SYMBOL        COMM2COMM3
  C:0AA4H         SYMBOL        COMM34_REV
  C:0A91H         SYMBOL        COMM3COMM4
  C:0AC7H         SYMBOL        COMM45_REV
  C:0AB4H         SYMBOL        COMM4COMM5
  C:0AEAH         SYMBOL        COMM56_REV
  C:0AD7H         SYMBOL        COMM5COMM6
  C:0B0DH         SYMBOL        COMM61_REV
  C:0AFAH         SYMBOL        COMM6COMM1
  C:0B1BH         SYMBOL        COMM_EXIT
  D:0048H         SYMBOL        COMM_PERIOD4X_H
  D:0047H         SYMBOL        COMM_PERIOD4X_L
  D:0049H         SYMBOL        COMPARATOR_READ_CNT
  C:0943H         SYMBOL        COMP_CHECK_TIMEOUT
  C:0954H         SYMBOL        COMP_CHECK_TIMEOUT_EXTEND_TIMEOUT
  C:0956H         SYMBOL        COMP_CHECK_TIMEOUT_NOT_TIMED_OUT
  C:0950H         SYMBOL        COMP_CHECK_TIMEOUT_TIMEOUT_EXTENDED
  N:0003H         SYMBOL        COMP_COM
  C:09B1H         SYMBOL        COMP_READ_OK
  C:09C3H         SYMBOL        COMP_READ_OK_JMP
  C:0961H         SYMBOL        COMP_READ_WRONG
  C:097AH         SYMBOL        COMP_READ_WRONG_EXTEND_TIMEOUT
  C:09A7H         SYMBOL        COMP_READ_WRONG_LOAD_TIMEOUT
  C:0996H         SYMBOL        COMP_READ_WRONG_LOW_RPM
  C:096DH         SYMBOL        COMP_READ_WRONG_NOT_STARTUP
  C:098BH         SYMBOL        COMP_READ_WRONG_TIMEOUT_SET
  C:093BH         SYMBOL        COMP_SCALE_SAMPLES
  N:0002H         SYMBOL        COMP_TIMED_OUT
  N:0002H         SYMBOL        CPWMFET
BL51 BANKED LINKER/LOCATER V6.22.4.0                                                  04/01/2025  17:15:30  PAGE 5


  D:00CEH         SYMBOL        CRC0CN0
  D:0086H         SYMBOL        CRC0CN1
  D:00D3H         SYMBOL        CRC0CNT
  D:00DEH         SYMBOL        CRC0DAT
  D:00CFH         SYMBOL        CRC0FLIP
  D:00DDH         SYMBOL        CRC0IN
  D:00D2H         SYMBOL        CRC0ST
  N:0000H         SYMBOL        CRC0_PAGE
  D:0023H         SYMBOL        CRCH
  D:0022H         SYMBOL        CRCL
  D:005FH         SYMBOL        CURRENT_AVERAGE_TEMP
  D:005AH         SYMBOL        CURRENT_POWER_PWM_REG_H
  N:0003H         SYMBOL        C_
  N:0020H         SYMBOL        C_X_
  D:0059H         SYMBOL        DAMP_PWM_REG_H
  D:0058H         SYMBOL        DAMP_PWM_REG_L
  N:0000H         SYMBOL        DEBUGPIN
  C:0C63H         SYMBOL        DECODE_DEMAG_DONE
  C:0C5DH         SYMBOL        DECODE_DEMAG_HIGH
  C:0C21H         SYMBOL        DECODE_SETTINGS
  C:0C6FH         SYMBOL        DECODE_TEMP_DONE
  C:0C6BH         SYMBOL        DECODE_TEMP_STEP
  N:0004H         SYMBOL        DEFAULT_PGM_BEACON_DELAY
  N:0050H         SYMBOL        DEFAULT_PGM_BEACON_STRENGTH
  N:0001H         SYMBOL        DEFAULT_PGM_BEEP_STRENGTH
  N:0000H         SYMBOL        DEFAULT_PGM_BRAKE_ON_STOP
  N:007AH         SYMBOL        DEFAULT_PGM_CENTER_THROTTLE
  N:0003H         SYMBOL        DEFAULT_PGM_COMM_TIMING
  N:0002H         SYMBOL        DEFAULT_PGM_DEMAG_COMP
  N:0002H         SYMBOL        DEFAULT_PGM_DIRECTION
  N:0001H         SYMBOL        DEFAULT_PGM_ENABLE_POWER_PROT
  N:0007H         SYMBOL        DEFAULT_PGM_ENABLE_TEMP_PROT
  N:0001H         SYMBOL        DEFAULT_PGM_ENABLE_TX_PROGRAM
  N:0000H         SYMBOL        DEFAULT_PGM_LED_CONTROL
  N:00FAH         SYMBOL        DEFAULT_PGM_MAX_THROTTLE
  N:001BH         SYMBOL        DEFAULT_PGM_MIN_THROTTLE
  N:000DH         SYMBOL        DEFAULT_PGM_STARTUP_PWR
  N:0001H         SYMBOL        DEMAG_DETECTED
  D:003DH         SYMBOL        DEMAG_DETECTED_METRIC
  D:003EH         SYMBOL        DEMAG_PWR_OFF_THRESH
  D:00ADH         SYMBOL        DERIVID
  D:00B5H         SYMBOL        DEVICEID
  C:1351H         SYMBOL        DIRECT_START_CHECK_RCP
  N:0003H         SYMBOL        DIR_CHANGE_BRAKE
  C:1264H         SYMBOL        DONT_CLEAR_DSHOT_CMD
  D:0082H         SYMBOL        DP
  D:0083H         SYMBOL        DPH
  D:0082H         SYMBOL        DPL
  C:10E8H         SYMBOL        DSHOT_BEEP_2
  C:1106H         SYMBOL        DSHOT_BEEP_3
  C:1124H         SYMBOL        DSHOT_BEEP_4
  C:1142H         SYMBOL        DSHOT_BEEP_5
  D:0052H         SYMBOL        DSHOT_CMD
  D:0053H         SYMBOL        DSHOT_CMD_CNT
  C:1160H         SYMBOL        DSHOT_DIRECTION_1
  C:1180H         SYMBOL        DSHOT_DIRECTION_2
  C:11A0H         SYMBOL        DSHOT_DIRECTION_BIDIR_OFF
BL51 BANKED LINKER/LOCATER V6.22.4.0                                                  04/01/2025  17:15:30  PAGE 6


  C:11BEH         SYMBOL        DSHOT_DIRECTION_BIDIR_ON
  C:11DBH         SYMBOL        DSHOT_DIRECTION_NORMAL
  C:1207H         SYMBOL        DSHOT_DIRECTION_REVERSE
  D:006EH         SYMBOL        DSHOT_FRAME_LENGTH_THR
  D:006DH         SYMBOL        DSHOT_FRAME_START_H
  D:006CH         SYMBOL        DSHOT_FRAME_START_L
  D:006AH         SYMBOL        DSHOT_PWM_THR
  C:1246H         SYMBOL        DSHOT_SAVE_SETTINGS
  D:006BH         SYMBOL        DSHOT_TIMER_PRESET
  N:0004H         SYMBOL        D_
  N:0021H         SYMBOL        D_X_
  N:0010H         SYMBOL        EEPROM_FW_MAIN_REVISION
  N:0007H         SYMBOL        EEPROM_FW_SUB_REVISION
  N:0021H         SYMBOL        EEPROM_LAYOUT_REVISION
  C:1A29H         SYMBOL        EEP_DUMMY
  C:1A0FH         SYMBOL        EEP_ENABLE_TX_PROGRAM
  C:1A40H         SYMBOL        EEP_ESC_LAYOUT
  C:1A50H         SYMBOL        EEP_ESC_MCU
  C:1A00H         SYMBOL        EEP_FW_MAIN_REVISION
  C:1A01H         SYMBOL        EEP_FW_SUB_REVISION
  C:1A0EH         SYMBOL        EEP_INITIALIZED_H
  C:1A0DH         SYMBOL        EEP_INITIALIZED_L
  C:1A02H         SYMBOL        EEP_LAYOUT_REVISION
  C:1A60H         SYMBOL        EEP_NAME
  C:1A1DH         SYMBOL        EEP_PGM_BEACON_DELAY
  C:1A1CH         SYMBOL        EEP_PGM_BEACON_STRENGTH
  C:1A1BH         SYMBOL        EEP_PGM_BEEP_STRENGTH
  C:1A27H         SYMBOL        EEP_PGM_BRAKE_ON_STOP
  C:1A21H         SYMBOL        EEP_PGM_CENTER_THROTTLE
  C:1A15H         SYMBOL        EEP_PGM_COMM_TIMING
  C:1A1FH         SYMBOL        EEP_PGM_DEMAG_COMP
  C:1A0BH         SYMBOL        EEP_PGM_DIRECTION
  C:1A24H         SYMBOL        EEP_PGM_ENABLE_POWER_PROT
  C:1A28H         SYMBOL        EEP_PGM_LED_CONTROL
  C:1A1AH         SYMBOL        EEP_PGM_MAX_THROTTLE
  C:1A19H         SYMBOL        EEP_PGM_MIN_THROTTLE
  C:1A09H         SYMBOL        EEP_PGM_STARTUP_PWR
  C:1A23H         SYMBOL        EEP_PGM_TEMP_PROT_ENABLE
  D:00E6H         SYMBOL        EIE1
  D:00CEH         SYMBOL        EIE2
  D:00F3H         SYMBOL        EIP1
  D:00F5H         SYMBOL        EIP1H
  D:00F4H         SYMBOL        EIP2
  D:00F6H         SYMBOL        EIP2H
  D:00E7H         SYMBOL        EMI0CN
  C:1466H         SYMBOL        ERASE_AND_STORE_ALL_IN_EEPROM
  C:14BFH         SYMBOL        ERASE_FLASH
  N:00C1H         SYMBOL        ERRORCOMMAND
  N:00C2H         SYMBOL        ERRORCRC
  N:00C5H         SYMBOL        ERRORPROG
  N:00C0H         SYMBOL        ERRORVERIFY
  N:000AH         SYMBOL        ESCNO
  C:09E5H         SYMBOL        EVALUATE_COMPARATOR_INTEGRITY
  C:09F2H         SYMBOL        EVAL_COMP_CHECK_TIMEOUT
  C:0A02H         SYMBOL        EVAL_COMP_EXIT
  C:1CBAH         SYMBOL        EXIT
  N:0005H         SYMBOL        E_
BL51 BANKED LINKER/LOCATER V6.22.4.0                                                  04/01/2025  17:15:30  PAGE 7


  N:0022H         SYMBOL        E_X_
  N:001EH         SYMBOL        FETON_DELAY
  C:0CF5H         SYMBOL        FIND_THROTTLE_GAIN
  C:0C8FH         SYMBOL        FIND_THROTTLE_GAINS
  C:0CC8H         SYMBOL        FIND_THROTTLE_GAINS_BIDIR_DONE
  C:0CA3H         SYMBOL        FIND_THROTTLE_GAINS_NORMAL
  C:0CEEH         SYMBOL        FIND_THROTTLE_GAIN_FWD
  C:0D20H         SYMBOL        FIND_THROTTLE_GAIN_LOOP
  D:0024H         SYMBOL        FLAGS0
  D:0025H         SYMBOL        FLAGS1
  D:0026H         SYMBOL        FLAGS2
  D:0027H         SYMBOL        FLAGS3
  D:0067H         SYMBOL        FLASH_KEY_1
  D:0068H         SYMBOL        FLASH_KEY_2
  D:00B7H         SYMBOL        FLKEY
  N:0006H         SYMBOL        F_
  C:1D96H         SYMBOL        GET1
  C:1DABH         SYMBOL        GET2
  C:1DCFH         SYMBOL        GET3
  C:1D91H         SYMBOL        GETC
  C:1D8DH         SYMBOL        GETW
  C:1D9BH         SYMBOL        GETX
  C:0363H         SYMBOL        GET_RCP_END
  N:0007H         SYMBOL        G_
  D:00C7H         SYMBOL        HFO0CAL
  D:00D6H         SYMBOL        HFO1CAL
  D:00EFH         SYMBOL        HFOCN
  N:0004H         SYMBOL        HIGH_RPM
  N:0008H         SYMBOL        H_
  D:00BAH         SYMBOL        I2C0CN0
  D:00BCH         SYMBOL        I2C0DIN
  D:00BBH         SYMBOL        I2C0DOUT
  D:00ADH         SYMBOL        I2C0FCN0
  D:00ABH         SYMBOL        I2C0FCN1
  D:00F5H         SYMBOL        I2C0FCT
  D:00BDH         SYMBOL        I2C0SLAD
  D:00B9H         SYMBOL        I2C0STAT
  N:0012H         SYMBOL        I2C0_IRQN
  N:0020H         SYMBOL        I2CSLAVE0_PAGE
  C:1C4DH         SYMBOL        ID1
  C:1C58H         SYMBOL        ID3
  C:1C63H         SYMBOL        ID4
  C:1C70H         SYMBOL        ID5
  D:00A8H         SYMBOL        IE
  B:00A8H.7       SYMBOL        IE_EA
  B:00A8H.4       SYMBOL        IE_ES0
  B:00A8H.6       SYMBOL        IE_ESPI0
  B:00A8H.1       SYMBOL        IE_ET0
  B:00A8H.3       SYMBOL        IE_ET1
  B:00A8H.5       SYMBOL        IE_ET2
  B:00A8H.0       SYMBOL        IE_EX0
  B:00A8H.2       SYMBOL        IE_EX1
  C:1C7AH         SYMBOL        IN1
  C:1C00H         SYMBOL        INIT
  I:008BH         SYMBOL        INITIALIZED_H_DUMMY
  I:008AH         SYMBOL        INITIALIZED_L_DUMMY
  C:067AH         SYMBOL        INITIALIZE_TIMING
BL51 BANKED LINKER/LOCATER V6.22.4.0                                                  04/01/2025  17:15:30  PAGE 8


  D:0030H         SYMBOL        INITIAL_ARM
  C:136EH         SYMBOL        INITIAL_RUN_CHECK_STARTUP_ROT
  C:137AH         SYMBOL        INITIAL_RUN_CONTINUE_RUN
  N:0001H         SYMBOL        INITIAL_RUN_PHASE
  C:137FH         SYMBOL        INITIAL_RUN_PHASE_DONE
  D:003BH         SYMBOL        INITIAL_RUN_ROT_CNTD
  C:0E05H         SYMBOL        INIT_NO_SIGNAL
  C:126CH         SYMBOL        INIT_START
  C:12BFH         SYMBOL        INIT_START_BIDIR_DONE
  C:0E0FH         SYMBOL        INPUT_HIGH_CHECK_1
  C:0E11H         SYMBOL        INPUT_HIGH_CHECK_2
  C:031CH         SYMBOL        INT0_INT
  C:0456H         SYMBOL        INT0_INT_BIDIR_DO_DEADBAND
  C:0430H         SYMBOL        INT0_INT_BIDIR_FWD
  C:0435H         SYMBOL        INT0_INT_BIDIR_REV_CHK
  C:0417H         SYMBOL        INT0_INT_CALCULATE
  C:03FDH         SYMBOL        INT0_INT_CHECK_FULL_RANGE
  C:0475H         SYMBOL        INT0_INT_DO_THROTTLE_GAIN
  C:052BH         SYMBOL        INT0_INT_EXIT
  C:03D8H         SYMBOL        INT0_INT_FALL_GAIN_DONE
  C:0385H         SYMBOL        INT0_INT_FALL_NOT_MULTISHOT
  C:03AFH         SYMBOL        INT0_INT_FALL_NOT_ONESHOT_125
  C:0397H         SYMBOL        INT0_INT_FALL_NOT_ONESHOT_42
  C:04B7H         SYMBOL        INT0_INT_GAIN_LOOP
  C:04BFH         SYMBOL        INT0_INT_GAIN_RCP_DONE
  C:0469H         SYMBOL        INT0_INT_NOT_BIDIR
  C:032BH         SYMBOL        INT0_INT_NOT_DSHOT
  C:03E7H         SYMBOL        INT0_INT_OUTSIDE_RANGE
  C:04D4H         SYMBOL        INT0_INT_PULSE_READY
  C:040CH         SYMBOL        INT0_INT_SET_MIN
  C:050DH         SYMBOL        INT0_INT_SET_PWM_DAMP_SET
  C:04F6H         SYMBOL        INT0_INT_SET_PWM_REGISTERS
  C:0528H         SYMBOL        INT0_INT_SET_TIMEOUT
  C:0496H         SYMBOL        INT0_INT_STARTUP_BOOSTED
  C:048CH         SYMBOL        INT0_INT_STARTUP_BOOST_STALL
  C:046DH         SYMBOL        INT0_INT_UNIDIR_NEG
  N:0000H         SYMBOL        INT0_IRQN
  C:0535H         SYMBOL        INT1_INT
  N:0002H         SYMBOL        INT1_IRQN
  D:00B8H         SYMBOL        IP
  D:00F2H         SYMBOL        IPH
  B:00B8H.4       SYMBOL        IP_PS0
  B:00B8H.6       SYMBOL        IP_PSPI0
  B:00B8H.1       SYMBOL        IP_PT0
  B:00B8H.3       SYMBOL        IP_PT1
  B:00B8H.5       SYMBOL        IP_PT2
  B:00B8H.0       SYMBOL        IP_PX0
  B:00B8H.2       SYMBOL        IP_PX1
  D:00E4H         SYMBOL        IT01CF
  N:0009H         SYMBOL        I_
  C:141DH         SYMBOL        JMP_WAIT_FOR_POWER_ON
  N:000AH         SYMBOL        J_
  N:000BH         SYMBOL        K_
  N:0005H         SYMBOL        LED_0
  C:0D83H         SYMBOL        LED_0_DONE
  N:0006H         SYMBOL        LED_1
  C:0D8CH         SYMBOL        LED_1_DONE
BL51 BANKED LINKER/LOCATER V6.22.4.0                                                  04/01/2025  17:15:30  PAGE 9


  N:0007H         SYMBOL        LED_2
  C:0D95H         SYMBOL        LED_2_DONE
  C:0D9AH         SYMBOL        LED_3_DONE
  C:0D77H         SYMBOL        LED_CONTROL
  N:0000H         SYMBOL        LEGACY_PAGE
  D:00B1H         SYMBOL        LFO0CN
  C:0798H         SYMBOL        LOAD_MIN_TIME
  C:07E5H         SYMBOL        LOAD_MIN_TIME_FAST
  D:003FH         SYMBOL        LOW_RPM_PWR_SLOPE
  N:000CH         SYMBOL        L_
  C:1C84H         SYMBOL        MAI1
  C:1CA6H         SYMBOL        MAI2
  C:1CE0H         SYMBOL        MAI4
  C:1D37H         SYMBOL        MAI5
  C:1D48H         SYMBOL        MAI6
  C:1C82H         SYMBOL        MAIN
  D:0036H         SYMBOL        MAX_THROTTLE_H
  D:0035H         SYMBOL        MAX_THROTTLE_L
  N:0001H         SYMBOL        MCU_48MHZ
  D:0032H         SYMBOL        MIN_THROTTLE_H
  D:0031H         SYMBOL        MIN_THROTTLE_L
  N:0002H         SYMBOL        MOTOR_STARTED
  N:0000H         SYMBOL        MUX_A
  N:0002H         SYMBOL        MUX_B
  N:0001H         SYMBOL        MUX_C
  N:000DH         SYMBOL        M_
  D:0054H         SYMBOL        NEW_RCP
  C:135DH         SYMBOL        NORMAL_RUN_CHECKS
  N:000EH         SYMBOL        N_
  N:000FH         SYMBOL        O_
  D:0080H         SYMBOL        P0
  D:00FEH         SYMBOL        P0MASK
  D:00FDH         SYMBOL        P0MAT
  D:00F1H         SYMBOL        P0MDIN
  D:00A4H         SYMBOL        P0MDOUT
  D:00D4H         SYMBOL        P0SKIP
  B:0080H.0       SYMBOL        P0_B0
  B:0080H.1       SYMBOL        P0_B1
  B:0080H.2       SYMBOL        P0_B2
  B:0080H.3       SYMBOL        P0_B3
  B:0080H.4       SYMBOL        P0_B4
  B:0080H.5       SYMBOL        P0_B5
  B:0080H.6       SYMBOL        P0_B6
  B:0080H.7       SYMBOL        P0_B7
  N:FFF0H         SYMBOL        P0_DIGITAL
  N:00FFH         SYMBOL        P0_INIT
  N:00E0H         SYMBOL        P0_PUSHPULL
  N:00FFH         SYMBOL        P0_SKIP
  D:0090H         SYMBOL        P1
  D:00EEH         SYMBOL        P1MASK
  D:00EDH         SYMBOL        P1MAT
  D:00F2H         SYMBOL        P1MDIN
  D:00A5H         SYMBOL        P1MDOUT
  D:00D5H         SYMBOL        P1SKIP
  B:0090H.0       SYMBOL        P1_B0
  B:0090H.1       SYMBOL        P1_B1
  B:0090H.2       SYMBOL        P1_B2
BL51 BANKED LINKER/LOCATER V6.22.4.0                                                  04/01/2025  17:15:30  PAGE 10


  B:0090H.3       SYMBOL        P1_B3
  B:0090H.4       SYMBOL        P1_B4
  B:0090H.5       SYMBOL        P1_B5
  B:0090H.6       SYMBOL        P1_B6
  B:0090H.7       SYMBOL        P1_B7
  N:003FH         SYMBOL        P1_DIGITAL
  N:0000H         SYMBOL        P1_INIT
  N:003FH         SYMBOL        P1_PUSHPULL
  N:003FH         SYMBOL        P1_SKIP
  D:00A0H         SYMBOL        P2
  D:00FCH         SYMBOL        P2MASK
  D:00FBH         SYMBOL        P2MAT
  D:00F3H         SYMBOL        P2MDIN
  D:00A6H         SYMBOL        P2MDOUT
  D:00CCH         SYMBOL        P2SKIP
  B:00A0H.0       SYMBOL        P2_B0
  B:00A0H.1       SYMBOL        P2_B1
  B:00A0H.2       SYMBOL        P2_B2
  B:00A0H.3       SYMBOL        P2_B3
  N:0001H         SYMBOL        P2_PUSHPULL
  D:00B0H         SYMBOL        P3
  D:00F4H         SYMBOL        P3MDIN
  D:009CH         SYMBOL        P3MDOUT
  B:00B0H.0       SYMBOL        P3_B0
  B:00B0H.1       SYMBOL        P3_B1
  D:00F9H         SYMBOL        PCA0
  D:009EH         SYMBOL        PCA0CENT
  D:009CH         SYMBOL        PCA0CLR
  D:00D8H         SYMBOL        PCA0CN0
  B:00D8H.0       SYMBOL        PCA0CN0_CCF0
  B:00D8H.1       SYMBOL        PCA0CN0_CCF1
  B:00D8H.2       SYMBOL        PCA0CN0_CCF2
  B:00D8H.7       SYMBOL        PCA0CN0_CF
  B:00D8H.6       SYMBOL        PCA0CN0_CR
  D:00FBH         SYMBOL        PCA0CP0
  D:00E9H         SYMBOL        PCA0CP1
  D:00EBH         SYMBOL        PCA0CP2
  D:00FCH         SYMBOL        PCA0CPH0
  D:00EAH         SYMBOL        PCA0CPH1
  D:00ECH         SYMBOL        PCA0CPH2
  D:00FBH         SYMBOL        PCA0CPL0
  D:00E9H         SYMBOL        PCA0CPL1
  D:00EBH         SYMBOL        PCA0CPL2
  D:00DAH         SYMBOL        PCA0CPM0
  D:00DBH         SYMBOL        PCA0CPM1
  D:00DCH         SYMBOL        PCA0CPM2
  D:00FAH         SYMBOL        PCA0H
  D:00F9H         SYMBOL        PCA0L
  D:00D9H         SYMBOL        PCA0MD
  D:0096H         SYMBOL        PCA0POL
  D:00F7H         SYMBOL        PCA0PWM
  N:000BH         SYMBOL        PCA0_IRQN
  N:0000H         SYMBOL        PCA0_PAGE
  C:0544H         SYMBOL        PCA_INT
  C:058DH         SYMBOL        PCA_INT_EXIT
  C:055DH         SYMBOL        PCA_INT_HI_PWM
  C:0565H         SYMBOL        PCA_INT_SET_PWM
BL51 BANKED LINKER/LOCATER V6.22.4.0                                                  04/01/2025  17:15:30  PAGE 11


  D:0087H         SYMBOL        PCON0
  D:009AH         SYMBOL        PCON1
  D:00C1H         SYMBOL        PFE0CN
  N:0010H         SYMBOL        PG2_PAGE
  N:0020H         SYMBOL        PG3_PAGE
  I:009AH         SYMBOL        PGM_BEACON_DELAY
  I:0099H         SYMBOL        PGM_BEACON_STRENGTH
  I:0098H         SYMBOL        PGM_BEEP_STRENGTH
  N:0002H         SYMBOL        PGM_BIDIR
  N:0001H         SYMBOL        PGM_BIDIR_REV
  I:00A4H         SYMBOL        PGM_BRAKE_ON_STOP
  I:009EH         SYMBOL        PGM_CENTER_THROTTLE
  I:0092H         SYMBOL        PGM_COMM_TIMING
  I:009CH         SYMBOL        PGM_DEMAG_COMP
  I:0088H         SYMBOL        PGM_DIRECTION
  N:0000H         SYMBOL        PGM_DIR_REV
  I:00A1H         SYMBOL        PGM_ENABLE_POWER_PROT
  I:00A0H         SYMBOL        PGM_ENABLE_TEMP_PROT
  I:008CH         SYMBOL        PGM_ENABLE_TX_PROGRAM
  I:0089H         SYMBOL        PGM_INPUT_POL
  I:00A5H         SYMBOL        PGM_LED_CONTROL
  I:0097H         SYMBOL        PGM_MAX_THROTTLE
  I:0096H         SYMBOL        PGM_MIN_THROTTLE
  C:0D9BH         SYMBOL        PGM_START
  I:0086H         SYMBOL        PGM_STARTUP_PWR
  I:00A6H         SYMBOL        PGM_STARTUP_PWR_DECODED
  N:0008H         SYMBOL        PMATCH_IRQN
  N:A001H         SYMBOL        POLYNOM
  D:0038H         SYMBOL        POWER_ON_WAIT_CNT_H
  D:0037H         SYMBOL        POWER_ON_WAIT_CNT_L
  D:0057H         SYMBOL        POWER_PWM_REG_H
  D:0056H         SYMBOL        POWER_PWM_REG_L
  D:0043H         SYMBOL        PREV_COMM_H
  D:0042H         SYMBOL        PREV_COMM_L
  D:0044H         SYMBOL        PREV_COMM_X
  D:0046H         SYMBOL        PREV_PREV_COMM_H
  D:0045H         SYMBOL        PREV_PREV_COMM_L
  C:1D0BH         SYMBOL        PRO3
  C:1D17H         SYMBOL        PRO4
  C:1D1DH         SYMBOL        PRO5
  C:1D32H         SYMBOL        PRO6
  C:102BH         SYMBOL        PROGRAM_BY_TX_CHECKED
  C:1015H         SYMBOL        PROGRAM_BY_TX_ENTRY_LIMIT
  C:101BH         SYMBOL        PROGRAM_BY_TX_ENTRY_STORE
  C:1022H         SYMBOL        PROGRAM_BY_TX_ENTRY_WAIT
  D:00F6H         SYMBOL        PRTDRV
  D:008FH         SYMBOL        PSCTL
  D:00D0H         SYMBOL        PSW
  B:00D0H.6       SYMBOL        PSW_AC
  B:00D0H.7       SYMBOL        PSW_CY
  B:00D0H.5       SYMBOL        PSW_F0
  B:00D0H.1       SYMBOL        PSW_F1
  B:00D0H.2       SYMBOL        PSW_OV
  B:00D0H.0       SYMBOL        PSW_PARITY
  B:00D0H.3       SYMBOL        PSW_RS0
  B:00D0H.4       SYMBOL        PSW_RS1
  C:1D58H         SYMBOL        PUT1
BL51 BANKED LINKER/LOCATER V6.22.4.0                                                  04/01/2025  17:15:30  PAGE 12


  C:1D6BH         SYMBOL        PUT2
  C:1D77H         SYMBOL        PUT3
  C:1D89H         SYMBOL        PUT4
  C:1D6EH         SYMBOL        PUTC
  C:1D52H         SYMBOL        PUTP
  C:1D4AH         SYMBOL        PUTW
  D:005BH         SYMBOL        PWM_LIMIT
  D:005DH         SYMBOL        PWM_LIMIT_BEG
  D:005CH         SYMBOL        PWM_LIMIT_BY_RPM
  N:0010H         SYMBOL        P_
  N:0011H         SYMBOL        Q_
  N:0005H         SYMBOL        RCP_DIR_REV
  N:0004H         SYMBOL        RCP_DSHOT
  N:0006H         SYMBOL        RCP_FULL_RANGE
  N:0004H         SYMBOL        RCP_IN
  N:0003H         SYMBOL        RCP_MULTISHOT
  N:0001H         SYMBOL        RCP_ONESHOT125
  N:0002H         SYMBOL        RCP_ONESHOT42
  D:0022H         SYMBOL        RCP_OUTSIDE_RANGE_CNT
  D:0055H         SYMBOL        RCP_STOP_CNT
  D:0023H         SYMBOL        RCP_TIMEOUT_CNTD
  N:0000H         SYMBOL        RCP_UPDATED
  C:1D3CH         SYMBOL        RD1
  C:141FH         SYMBOL        READ_ALL_EEPROM_PARAMETERS
  C:144FH         SYMBOL        READ_EEPROM_BLOCK1
  C:145CH         SYMBOL        READ_EEPROM_BLOCK2
  C:149FH         SYMBOL        READ_EEPROM_BYTE
  C:1465H         SYMBOL        READ_EEPROM_EXIT
  C:1448H         SYMBOL        READ_EEPROM_READ
  C:1435H         SYMBOL        READ_EEPROM_STORE_DEFAULTS
  C:1286H         SYMBOL        READ_INITIAL_TEMP
  C:14EBH         SYMBOL        READ_TAG
  C:14E2H         SYMBOL        READ_TAGS
  D:00D1H         SYMBOL        REF0CN
  D:00C9H         SYMBOL        REG0CN
  D:00C6H         SYMBOL        REG1CN
  C:19FDH         SYMBOL        RESET
  D:00B6H         SYMBOL        REVID
  C:1CC9H         SYMBOL        RST
  D:00EFH         SYMBOL        RSTSRC
  D:00F1H         SYMBOL        RTX_MDIN
  D:00A4H         SYMBOL        RTX_MDOUT
  N:0004H         SYMBOL        RTX_PIN
  D:0080H         SYMBOL        RTX_PORT
  D:00D4H         SYMBOL        RTX_SKIP
  C:12D9H         SYMBOL        RUN1
  C:12E5H         SYMBOL        RUN2
  C:12FDH         SYMBOL        RUN3
  C:1309H         SYMBOL        RUN4
  C:1315H         SYMBOL        RUN5
  C:1321H         SYMBOL        RUN6
  C:13BCH         SYMBOL        RUN6_BRAKE_DONE
  C:1398H         SYMBOL        RUN6_CHECK_DIR
  C:13A8H         SYMBOL        RUN6_CHECK_DIR_CHANGE
  C:13A3H         SYMBOL        RUN6_CHECK_DIR_REV
  C:13B2H         SYMBOL        RUN6_CHECK_SPEED
  C:1394H         SYMBOL        RUN6_CHECK_TIMEOUT
BL51 BANKED LINKER/LOCATER V6.22.4.0                                                  04/01/2025  17:15:30  PAGE 13


  C:13E3H         SYMBOL        RUN_TO_WAIT_FOR_POWER_ON
  C:1413H         SYMBOL        RUN_TO_WAIT_FOR_POWER_ON_BRAKE_DONE
  C:13DBH         SYMBOL        RUN_TO_WAIT_FOR_POWER_ON_FAIL
  C:13E6H         SYMBOL        RUN_TO_WAIT_FOR_POWER_ON_STALL_DONE
  N:0012H         SYMBOL        R_
  D:0094H         SYMBOL        SBCON1
  D:0095H         SYMBOL        SBRL1
  D:0096H         SYMBOL        SBRLH1
  D:0095H         SYMBOL        SBRLL1
  D:0099H         SYMBOL        SBUF0
  D:0092H         SYMBOL        SBUF1
  C:0BFBH         SYMBOL        SCALE_THROTTLE_CAL
  D:0098H         SYMBOL        SCON0
  B:0098H.5       SYMBOL        SCON0_MCE
  B:0098H.2       SYMBOL        SCON0_RB8
  B:0098H.4       SYMBOL        SCON0_REN
  B:0098H.0       SYMBOL        SCON0_RI
  B:0098H.7       SYMBOL        SCON0_SMODE
  B:0098H.3       SYMBOL        SCON0_TB8
  B:0098H.1       SYMBOL        SCON0_TI
  D:00C8H         SYMBOL        SCON1
  B:00C8H.7       SYMBOL        SCON1_OVR
  B:00C8H.6       SYMBOL        SCON1_PERR
  B:00C8H.2       SYMBOL        SCON1_RBX
  B:00C8H.4       SYMBOL        SCON1_REN
  B:00C8H.0       SYMBOL        SCON1_RI
  B:00C8H.3       SYMBOL        SCON1_TBX
  B:00C8H.1       SYMBOL        SCON1_TI
  C:1CD1H         SYMBOL        SET4
  C:1CD7H         SYMBOL        SET5
  C:1CDDH         SYMBOL        SET6
  C:1CCBH         SYMBOL        SETBUF
  C:09C7H         SYMBOL        SETUP_COMM_WAIT
  C:08BDH         SYMBOL        SETUP_ZC_SCAN_TIMEOUT
  C:08DAH         SYMBOL        SETUP_ZC_SCAN_TIMEOUT_STARTUP_DONE
  C:0B8FH         SYMBOL        SET_DEFAULT_PARAMETERS
  C:05EAH         SYMBOL        SET_PWM_LIMIT_HIGH_RPM
  C:05FAH         SYMBOL        SET_PWM_LIMIT_HIGH_RPM_INC_LIMIT
  C:05FBH         SYMBOL        SET_PWM_LIMIT_HIGH_RPM_STORE
  C:05BAH         SYMBOL        SET_PWM_LIMIT_LOW_RPM
  C:05E7H         SYMBOL        SET_PWM_LIMIT_LOW_RPM_EXIT
  C:066BH         SYMBOL        SET_STARTUP_PWM
  D:00A7H         SYMBOL        SFRPAGE
  D:00CFH         SYMBOL        SFRPGCN
  D:00D7H         SYMBOL        SFRSTACK
  N:00E8H         SYMBOL        SIGNATURE_001
  N:00B2H         SYMBOL        SIGNATURE_002
  D:0065H         SYMBOL        SKIP_T2_INT
  D:00D6H         SYMBOL        SMB0ADM
  D:00D7H         SYMBOL        SMB0ADR
  D:00C1H         SYMBOL        SMB0CF
  D:00C0H         SYMBOL        SMB0CN0
  B:00C0H.1       SYMBOL        SMB0CN0_ACK
  B:00C0H.3       SYMBOL        SMB0CN0_ACKRQ
  B:00C0H.2       SYMBOL        SMB0CN0_ARBLOST
  B:00C0H.7       SYMBOL        SMB0CN0_MASTER
  B:00C0H.0       SYMBOL        SMB0CN0_SI
BL51 BANKED LINKER/LOCATER V6.22.4.0                                                  04/01/2025  17:15:30  PAGE 14


  B:00C0H.5       SYMBOL        SMB0CN0_STA
  B:00C0H.4       SYMBOL        SMB0CN0_STO
  B:00C0H.6       SYMBOL        SMB0CN0_TXMODE
  D:00C2H         SYMBOL        SMB0DAT
  D:00C3H         SYMBOL        SMB0FCN0
  D:00C4H         SYMBOL        SMB0FCN1
  D:00EFH         SYMBOL        SMB0FCT
  D:00C5H         SYMBOL        SMB0RXLN
  D:00ACH         SYMBOL        SMB0TC
  N:0020H         SYMBOL        SMB0_PAGE
  N:0007H         SYMBOL        SMBUS0_IRQN
  D:0093H         SYMBOL        SMOD1
  D:0081H         SYMBOL        SP
  D:00A1H         SYMBOL        SPI0CFG
  D:00A2H         SYMBOL        SPI0CKR
  D:00F8H         SYMBOL        SPI0CN0
  B:00F8H.5       SYMBOL        SPI0CN0_MODF
  B:00F8H.2       SYMBOL        SPI0CN0_NSSMD0
  B:00F8H.3       SYMBOL        SPI0CN0_NSSMD1
  B:00F8H.4       SYMBOL        SPI0CN0_RXOVRN
  B:00F8H.0       SYMBOL        SPI0CN0_SPIEN
  B:00F8H.7       SYMBOL        SPI0CN0_SPIF
  B:00F8H.1       SYMBOL        SPI0CN0_TXNF
  B:00F8H.6       SYMBOL        SPI0CN0_WCOL
  D:00A3H         SYMBOL        SPI0DAT
  D:009AH         SYMBOL        SPI0FCN0
  D:009BH         SYMBOL        SPI0FCN1
  D:00F7H         SYMBOL        SPI0FCT
  N:0006H         SYMBOL        SPI0_IRQN
  N:0020H         SYMBOL        SPI0_PAGE
  D:003CH         SYMBOL        STALL_CNT
  D:0039H         SYMBOL        STARTUP_CNT
  N:0000H         SYMBOL        STARTUP_PHASE
  C:0080H         SYMBOL        STARTUP_POWER_TABLE
  D:003AH         SYMBOL        STARTUP_ZC_TIMEOUT_CNTD
  C:0600H         SYMBOL        START_ADC_CONVERSION
  C:085CH         SYMBOL        STORE_TIMES_DECREASE
  C:08AFH         SYMBOL        STORE_TIMES_DECREASE_FAST
  C:087DH         SYMBOL        STORE_TIMES_EXIT
  C:084DH         SYMBOL        STORE_TIMES_INCREASE
  C:08A6H         SYMBOL        STORE_TIMES_INCREASE_FAST
  C:0847H         SYMBOL        STORE_TIMES_UP_OR_DOWN
  C:08A0H         SYMBOL        STORE_TIMES_UP_OR_DOWN_FAST
  N:0030H         SYMBOL        SUCCESS
  C:150CH         SYMBOL        SUCCESS_BEEP
  C:153BH         SYMBOL        SUCCESS_BEEP_INVERTED
  C:0B7FH         SYMBOL        SWITCH_POWER_OFF
  N:0013H         SYMBOL        S_
  C:008DH         SYMBOL        T0_INT
  C:023DH         SYMBOL        T1_DSHOT_INC_CMD_CNT
  C:0233H         SYMBOL        T1_DSHOT_SET_CMD
  C:0090H         SYMBOL        T1_INT
  C:0258H         SYMBOL        T1_INT_BIDIR_FWD
  C:025DH         SYMBOL        T1_INT_BIDIR_REV_CHK
  C:00F2H         SYMBOL        T1_INT_DECODE
  C:0178H         SYMBOL        T1_INT_DECODE_LSB
  C:00FDH         SYMBOL        T1_INT_DECODE_MSB
BL51 BANKED LINKER/LOCATER V6.22.4.0                                                  04/01/2025  17:15:30  PAGE 15


  C:02C8H         SYMBOL        T1_INT_FRAME_FAIL
  C:00CCH         SYMBOL        T1_INT_FRAME_TIME_SCALED
  C:016FH         SYMBOL        T1_INT_LSB_FAIL
  C:00F4H         SYMBOL        T1_INT_MSB_FAIL
  C:0269H         SYMBOL        T1_INT_NOT_BIDIR
  C:02A4H         SYMBOL        T1_INT_STARTUP_BOOSTED
  C:029AH         SYMBOL        T1_INT_STARTUP_BOOST_STALL
  C:0200H         SYMBOL        T1_INT_XOR_OK
  C:02B9H         SYMBOL        T1_INT_ZERO_RCP_CHECKED
  C:023FH         SYMBOL        T1_NORMAL_RANGE
  C:02D1H         SYMBOL        T2_INT
  C:0304H         SYMBOL        T2_INT_EXIT
  C:02F9H         SYMBOL        T2_INT_RCP_STOP
  C:02E6H         SYMBOL        T2_INT_START
  C:0309H         SYMBOL        T3_INT
  N:0000H         SYMBOL        T3_PENDING
  D:0088H         SYMBOL        TCON
  B:0088H.1       SYMBOL        TCON_IE0
  B:0088H.3       SYMBOL        TCON_IE1
  B:0088H.0       SYMBOL        TCON_IT0
  B:0088H.2       SYMBOL        TCON_IT1
  B:0088H.5       SYMBOL        TCON_TF0
  B:0088H.7       SYMBOL        TCON_TF1
  B:0088H.4       SYMBOL        TCON_TR0
  B:0088H.6       SYMBOL        TCON_TR1
  C:0633H         SYMBOL        TEMP_AVERAGE_DEC
  C:0636H         SYMBOL        TEMP_AVERAGE_INC
  C:0627H         SYMBOL        TEMP_AVERAGE_INC_DEC
  C:063DH         SYMBOL        TEMP_AVERAGE_UPDATED
  C:063BH         SYMBOL        TEMP_AVERAGE_UPDATED_LOAD_ACC
  C:065FH         SYMBOL        TEMP_CHECK_EXIT
  N:0031H         SYMBOL        TEMP_LIMIT
  N:0009H         SYMBOL        TEMP_LIMIT_STEP
  D:0069H         SYMBOL        TEMP_PROT_LIMIT
  I:00D0H         SYMBOL        TEMP_STORAGE
  C:0D23H         SYMBOL        TEST_THROTTLE_GAIN
  C:0D30H         SYMBOL        TEST_THROTTLE_GAIN_MULT
  D:008CH         SYMBOL        TH0
  D:008DH         SYMBOL        TH1
  D:0060H         SYMBOL        THROTTLE_GAIN
  D:0062H         SYMBOL        THROTTLE_GAIN_BD_REV
  D:0063H         SYMBOL        THROTTLE_GAIN_BD_REV_M
  D:0061H         SYMBOL        THROTTLE_GAIN_M
  C:0FAAH         SYMBOL        THROTTLE_HIGH_CAL
  C:0FDAH         SYMBOL        THROTTLE_LOW_CAL
  C:0FD8H         SYMBOL        THROTTLE_LOW_CAL_START
  N:0001H         SYMBOL        TIMER0_IRQN
  D:0040H         SYMBOL        TIMER0_X
  N:0003H         SYMBOL        TIMER1_IRQN
  N:0005H         SYMBOL        TIMER2_IRQN
  N:0010H         SYMBOL        TIMER2_PAGE
  D:0041H         SYMBOL        TIMER2_X
  N:000EH         SYMBOL        TIMER3_IRQN
  N:0010H         SYMBOL        TIMER3_PAGE
  N:0013H         SYMBOL        TIMER4_IRQN
  N:0010H         SYMBOL        TIMER4_PAGE
  D:008AH         SYMBOL        TL0
BL51 BANKED LINKER/LOCATER V6.22.4.0                                                  04/01/2025  17:15:30  PAGE 16


  D:008BH         SYMBOL        TL1
  D:0089H         SYMBOL        TMOD
  D:00CCH         SYMBOL        TMR2
  D:00C8H         SYMBOL        TMR2CN0
  B:00C8H.3       SYMBOL        TMR2CN0_T2SPLIT
  B:00C8H.0       SYMBOL        TMR2CN0_T2XCLK0
  B:00C8H.1       SYMBOL        TMR2CN0_T2XCLK1
  B:00C8H.4       SYMBOL        TMR2CN0_TF2CEN
  B:00C8H.7       SYMBOL        TMR2CN0_TF2H
  B:00C8H.6       SYMBOL        TMR2CN0_TF2L
  B:00C8H.5       SYMBOL        TMR2CN0_TF2LEN
  B:00C8H.2       SYMBOL        TMR2CN0_TR2
  D:00FDH         SYMBOL        TMR2CN1
  D:00CDH         SYMBOL        TMR2H
  D:00CCH         SYMBOL        TMR2L
  D:00CAH         SYMBOL        TMR2RL
  D:00CBH         SYMBOL        TMR2RLH
  D:00CAH         SYMBOL        TMR2RLL
  D:0094H         SYMBOL        TMR3
  D:0091H         SYMBOL        TMR3CN0
  D:00FEH         SYMBOL        TMR3CN1
  D:0095H         SYMBOL        TMR3H
  D:0094H         SYMBOL        TMR3L
  D:0092H         SYMBOL        TMR3RL
  D:0093H         SYMBOL        TMR3RLH
  D:0092H         SYMBOL        TMR3RLL
  D:00A4H         SYMBOL        TMR4
  D:0098H         SYMBOL        TMR4CN0
  B:0098H.3       SYMBOL        TMR4CN0_T4SPLIT
  B:0098H.0       SYMBOL        TMR4CN0_T4XCLK0
  B:0098H.1       SYMBOL        TMR4CN0_T4XCLK1
  B:0098H.4       SYMBOL        TMR4CN0_TF4CEN
  B:0098H.7       SYMBOL        TMR4CN0_TF4H
  B:0098H.6       SYMBOL        TMR4CN0_TF4L
  B:0098H.5       SYMBOL        TMR4CN0_TF4LEN
  B:0098H.2       SYMBOL        TMR4CN0_TR4
  D:00FFH         SYMBOL        TMR4CN1
  D:00A5H         SYMBOL        TMR4H
  D:00A4H         SYMBOL        TMR4L
  D:00A2H         SYMBOL        TMR4RL
  D:00A3H         SYMBOL        TMR4RLH
  D:00A2H         SYMBOL        TMR4RLL
  N:0014H         SYMBOL        T_
  N:0004H         SYMBOL        UART0_IRQN
  N:0020H         SYMBOL        UART0_PAGE
  D:009DH         SYMBOL        UART1FCN0
  D:00D8H         SYMBOL        UART1FCN1
  B:00D8H.3       SYMBOL        UART1FCN1_RFRQ
  B:00D8H.0       SYMBOL        UART1FCN1_RIE
  B:00D8H.1       SYMBOL        UART1FCN1_RXTO0
  B:00D8H.2       SYMBOL        UART1FCN1_RXTO1
  B:00D8H.7       SYMBOL        UART1FCN1_TFRQ
  B:00D8H.4       SYMBOL        UART1FCN1_TIE
  B:00D8H.5       SYMBOL        UART1FCN1_TXHOLD
  B:00D8H.6       SYMBOL        UART1FCN1_TXNF
  D:00FAH         SYMBOL        UART1FCT
  D:009EH         SYMBOL        UART1LIN
BL51 BANKED LINKER/LOCATER V6.22.4.0                                                  04/01/2025  17:15:30  PAGE 17


  N:0011H         SYMBOL        UART1_IRQN
  N:0020H         SYMBOL        UART1_PAGE
  N:001AH         SYMBOL        UART_LOOP
  N:0015H         SYMBOL        U_
  C:0F6BH         SYMBOL        VALIDATE_RCP_START
  D:00FFH         SYMBOL        VDM0CN
  N:0016H         SYMBOL        V_
  C:1DE1H         SYMBOL        WAIT1
  C:05A7H         SYMBOL        WAIT100MS
  C:059FH         SYMBOL        WAIT10MS
  C:0597H         SYMBOL        WAIT1MS
  C:1504H         SYMBOL        WAIT1S
  C:1506H         SYMBOL        WAIT1S_LOOP
  C:05ABH         SYMBOL        WAIT200MS
  C:05A3H         SYMBOL        WAIT30MS
  C:059BH         SYMBOL        WAIT3MS
  C:1DDBH         SYMBOL        WAITF
  C:1DDFH         SYMBOL        WAITH
  C:05B1H         SYMBOL        WAITXMS_M
  C:05AFH         SYMBOL        WAITXMS_O
  C:07EBH         SYMBOL        WAIT_ADVANCE_TIMING
  C:08B5H         SYMBOL        WAIT_BEFORE_ZC_SCAN
  C:08F5H         SYMBOL        WAIT_BEFORE_ZC_SCAN_EXIT
  C:0A03H         SYMBOL        WAIT_FOR_COMM
  C:0A3AH         SYMBOL        WAIT_FOR_COMM_WAIT
  C:0906H         SYMBOL        WAIT_FOR_COMP_OUT_HIGH
  C:08F6H         SYMBOL        WAIT_FOR_COMP_OUT_LOW
  C:0914H         SYMBOL        WAIT_FOR_COMP_OUT_START
  C:1C48H         SYMBOL        WAIT_FOR_LOW
  C:1051H         SYMBOL        WAIT_FOR_POWER_ON
  C:1056H         SYMBOL        WAIT_FOR_POWER_ON_LOOP
  C:10B7H         SYMBOL        WAIT_FOR_POWER_ON_NONZERO
  C:10A6H         SYMBOL        WAIT_FOR_POWER_ON_NOT_MISSING
  C:109CH         SYMBOL        WAIT_FOR_POWER_ON_NO_BEEP
  D:0097H         SYMBOL        WDTCN
  C:1484H         SYMBOL        WRITE_EEPROM_BLOCK1
  C:1491H         SYMBOL        WRITE_EEPROM_BLOCK2
  C:14A3H         SYMBOL        WRITE_EEPROM_BYTE
  C:14A4H         SYMBOL        WRITE_EEPROM_BYTE_FROM_ACC
  C:14D3H         SYMBOL        WRITE_EEPROM_SIGNATURE
  C:14FCH         SYMBOL        WRITE_TAG
  C:14F5H         SYMBOL        WRITE_TAGS
  D:004BH         SYMBOL        WT_ADV_START_H
  D:004AH         SYMBOL        WT_ADV_START_L
  D:0051H         SYMBOL        WT_COMM_START_H
  D:0050H         SYMBOL        WT_COMM_START_L
  D:004DH         SYMBOL        WT_ZC_SCAN_START_H
  D:004CH         SYMBOL        WT_ZC_SCAN_START_L
  D:004FH         SYMBOL        WT_ZC_TOUT_START_H
  D:004EH         SYMBOL        WT_ZC_TOUT_START_L
  N:0017H         SYMBOL        W_
  D:00E1H         SYMBOL        XBR0
  D:00E2H         SYMBOL        XBR1
  D:00E3H         SYMBOL        XBR2
  N:7840H         SYMBOL        XTAL
  N:0018H         SYMBOL        X_
  N:0019H         SYMBOL        Y_
BL51 BANKED LINKER/LOCATER V6.22.4.0                                                  04/01/2025  17:15:30  PAGE 18


  N:001AH         SYMBOL        Z_
  C:1A10H         SYMBOL        _EEP_MAIN_REARM_START
  C:1A20H         SYMBOL        _EEP_PGM_BEC_VOLTAGE_HIGH
  C:1A16H         SYMBOL        _EEP_PGM_DAMPING_FORCE
  C:1A25H         SYMBOL        _EEP_PGM_ENABLE_PWM_INPUT
  C:1A04H         SYMBOL        _EEP_PGM_GOV_I_GAIN
  C:1A05H         SYMBOL        _EEP_PGM_GOV_MODE
  C:1A03H         SYMBOL        _EEP_PGM_GOV_P_GAIN
  C:1A17H         SYMBOL        _EEP_PGM_GOV_RANGE
  C:1A11H         SYMBOL        _EEP_PGM_GOV_SETUP_TARGET
  C:1A0CH         SYMBOL        _EEP_PGM_INPUT_POL
  C:1A06H         SYMBOL        _EEP_PGM_LOW_VOLTAGE_LIM
  C:1A22H         SYMBOL        _EEP_PGM_MAIN_SPOOLUP_TIME
  C:1A07H         SYMBOL        _EEP_PGM_MOTOR_GAIN
  C:1A08H         SYMBOL        _EEP_PGM_MOTOR_IDLE
  C:1A26H         SYMBOL        _EEP_PGM_PWM_DITHER
  C:1A0AH         SYMBOL        _EEP_PGM_PWM_FREQ
  C:1A13H         SYMBOL        _EEP_PGM_STARTUP_ACCEL
  C:1A18H         SYMBOL        _EEP_PGM_STARTUP_METHOD
  C:1A12H         SYMBOL        _EEP_PGM_STARTUP_RPM
  C:1A1EH         SYMBOL        _EEP_PGM_THROTTLE_RATE
  C:1A14H         SYMBOL        _EEP_PGM_VOLT_COMP
  I:009DH         SYMBOL        _PGM_BEC_VOLTAGE_HIGH
  I:0093H         SYMBOL        _PGM_DAMPING_FORCE
  I:00A2H         SYMBOL        _PGM_ENABLE_PWM_INPUT
  I:0081H         SYMBOL        _PGM_GOV_I_GAIN
  I:0082H         SYMBOL        _PGM_GOV_MODE
  I:0080H         SYMBOL        _PGM_GOV_P_GAIN
  I:0094H         SYMBOL        _PGM_GOV_RANGE
  I:008EH         SYMBOL        _PGM_GOV_SETUP_TARGET
  I:0083H         SYMBOL        _PGM_LOW_VOLTAGE_LIM
  I:008DH         SYMBOL        _PGM_MAIN_REARM_START
  I:009FH         SYMBOL        _PGM_MAIN_SPOOLUP_TIME
  I:0084H         SYMBOL        _PGM_MOTOR_GAIN
  I:0085H         SYMBOL        _PGM_MOTOR_IDLE
  I:00A3H         SYMBOL        _PGM_PWM_DITHER
  I:0087H         SYMBOL        _PGM_PWM_FREQ
  I:0090H         SYMBOL        _PGM_STARTUP_ACCEL
  I:0095H         SYMBOL        _PGM_STARTUP_METHOD
  I:008FH         SYMBOL        _PGM_STARTUP_RPM
  I:009BH         SYMBOL        _PGM_THROTTLE_RATE
  I:0091H         SYMBOL        _PGM_VOLT_COMP
  C:0000H         LINE#         591
  C:0003H         LINE#         591
  C:000BH         LINE#         591
  C:0013H         LINE#         591
  C:001BH         LINE#         591
  C:002BH         LINE#         591
  C:005BH         LINE#         591
  C:0073H         LINE#         591
  C:008DH         LINE#         609
  C:008FH         LINE#         610
  C:0090H         LINE#         622
  C:0092H         LINE#         623
  C:0094H         LINE#         624
  C:0097H         LINE#         625
  C:0099H         LINE#         626
BL51 BANKED LINKER/LOCATER V6.22.4.0                                                  04/01/2025  17:15:30  PAGE 19


  C:009CH         LINE#         627
  C:009EH         LINE#         628
  C:00A0H         LINE#         629
  C:00A2H         LINE#         630
  C:00A4H         LINE#         631
  C:00A6H         LINE#         632
  C:00A8H         LINE#         633
  C:00AAH         LINE#         634
  C:00ACH         LINE#         635
  C:00AEH         LINE#         637
  C:00B1H         LINE#         639
  C:00B2H         LINE#         640
  C:00B3H         LINE#         641
  C:00B5H         LINE#         642
  C:00B6H         LINE#         643
  C:00B7H         LINE#         644
  C:00B9H         LINE#         645
  C:00BAH         LINE#         647
  C:00BBH         LINE#         648
  C:00BCH         LINE#         649
  C:00BDH         LINE#         650
  C:00BEH         LINE#         651
  C:00BFH         LINE#         652
  C:00C0H         LINE#         653
  C:00C1H         LINE#         654
  C:00C3H         LINE#         655
  C:00C5H         LINE#         657
  C:00C6H         LINE#         658
  C:00C7H         LINE#         659
  C:00C8H         LINE#         660
  C:00C9H         LINE#         661
  C:00CAH         LINE#         662
  C:00CBH         LINE#         663
  C:00CCH         LINE#         666
  C:00CDH         LINE#         667
  C:00CFH         LINE#         668
  C:00D0H         LINE#         669
  C:00D2H         LINE#         670
  C:00D4H         LINE#         671
  C:00D6H         LINE#         672
  C:00D8H         LINE#         675
  C:00DAH         LINE#         676
  C:00DDH         LINE#         679
  C:00DFH         LINE#         680
  C:00E1H         LINE#         681
  C:00E3H         LINE#         682
  C:00E5H         LINE#         683
  C:00E8H         LINE#         684
  C:00EAH         LINE#         685
  C:00ECH         LINE#         686
  C:00EEH         LINE#         688
  C:00EFH         LINE#         689
  C:00F0H         LINE#         690
  C:00F1H         LINE#         691
  C:00F2H         LINE#         694
  C:00F4H         LINE#         697
  C:00F7H         LINE#         698
BL51 BANKED LINKER/LOCATER V6.22.4.0                                                  04/01/2025  17:15:30  PAGE 20


  C:00F9H         LINE#         699
  C:00FBH         LINE#         700
  C:00FDH         LINE#         704
  C:00FEH         LINE#         704
  C:00FFH         LINE#         704
  C:0100H         LINE#         704
  C:0101H         LINE#         704
  C:0102H         LINE#         704
  C:0103H         LINE#         704
  C:0105H         LINE#         704
  C:0106H         LINE#         704
  C:0107H         LINE#         704
  C:0108H         LINE#         704
  C:0109H         LINE#         704
  C:010BH         LINE#         704
  C:010CH         LINE#         704
  C:010DH         LINE#         704
  C:010EH         LINE#         704
  C:010FH         LINE#         704
  C:0110H         LINE#         704
  C:0111H         LINE#         704
  C:0113H         LINE#         704
  C:0114H         LINE#         704
  C:0115H         LINE#         704
  C:0116H         LINE#         704
  C:0117H         LINE#         704
  C:0119H         LINE#         705
  C:011AH         LINE#         705
  C:011BH         LINE#         705
  C:011CH         LINE#         705
  C:011DH         LINE#         705
  C:011EH         LINE#         705
  C:011FH         LINE#         705
  C:0121H         LINE#         705
  C:0122H         LINE#         705
  C:0123H         LINE#         705
  C:0124H         LINE#         705
  C:0125H         LINE#         705
  C:0127H         LINE#         705
  C:0128H         LINE#         705
  C:0129H         LINE#         705
  C:012AH         LINE#         705
  C:012BH         LINE#         705
  C:012CH         LINE#         705
  C:012DH         LINE#         705
  C:012FH         LINE#         705
  C:0130H         LINE#         705
  C:0131H         LINE#         705
  C:0132H         LINE#         705
  C:0133H         LINE#         705
  C:0135H         LINE#         706
  C:0136H         LINE#         706
  C:0137H         LINE#         706
  C:0138H         LINE#         706
  C:0139H         LINE#         706
  C:013AH         LINE#         706
  C:013BH         LINE#         706
BL51 BANKED LINKER/LOCATER V6.22.4.0                                                  04/01/2025  17:15:30  PAGE 21


  C:013DH         LINE#         706
  C:013EH         LINE#         706
  C:013FH         LINE#         706
  C:0140H         LINE#         706
  C:0141H         LINE#         706
  C:0143H         LINE#         706
  C:0144H         LINE#         706
  C:0145H         LINE#         706
  C:0146H         LINE#         706
  C:0147H         LINE#         706
  C:0148H         LINE#         706
  C:0149H         LINE#         706
  C:014BH         LINE#         706
  C:014CH         LINE#         706
  C:014DH         LINE#         706
  C:014EH         LINE#         706
  C:014FH         LINE#         706
  C:0151H         LINE#         707
  C:0152H         LINE#         707
  C:0153H         LINE#         707
  C:0154H         LINE#         707
  C:0155H         LINE#         707
  C:0156H         LINE#         707
  C:0157H         LINE#         707
  C:0159H         LINE#         707
  C:015AH         LINE#         707
  C:015BH         LINE#         707
  C:015CH         LINE#         707
  C:015DH         LINE#         707
  C:015FH         LINE#         707
  C:0160H         LINE#         707
  C:0161H         LINE#         707
  C:0162H         LINE#         707
  C:0163H         LINE#         707
  C:0164H         LINE#         707
  C:0165H         LINE#         707
  C:0167H         LINE#         707
  C:0168H         LINE#         707
  C:0169H         LINE#         707
  C:016AH         LINE#         707
  C:016BH         LINE#         707
  C:016DH         LINE#         708
  C:016FH         LINE#         711
  C:0172H         LINE#         712
  C:0174H         LINE#         713
  C:0176H         LINE#         714
  C:0178H         LINE#         718
  C:0179H         LINE#         718
  C:017AH         LINE#         718
  C:017BH         LINE#         718
  C:017CH         LINE#         718
  C:017DH         LINE#         718
  C:017EH         LINE#         718
  C:0180H         LINE#         718
  C:0181H         LINE#         718
  C:0182H         LINE#         718
  C:0183H         LINE#         718
BL51 BANKED LINKER/LOCATER V6.22.4.0                                                  04/01/2025  17:15:30  PAGE 22


  C:0184H         LINE#         718
  C:0186H         LINE#         718
  C:0187H         LINE#         718
  C:0188H         LINE#         718
  C:0189H         LINE#         718
  C:018AH         LINE#         718
  C:018BH         LINE#         718
  C:018CH         LINE#         718
  C:018EH         LINE#         718
  C:018FH         LINE#         718
  C:0190H         LINE#         718
  C:0191H         LINE#         718
  C:0192H         LINE#         718
  C:0194H         LINE#         719
  C:0195H         LINE#         719
  C:0196H         LINE#         719
  C:0197H         LINE#         719
  C:0198H         LINE#         719
  C:0199H         LINE#         719
  C:019AH         LINE#         719
  C:019CH         LINE#         719
  C:019DH         LINE#         719
  C:019EH         LINE#         719
  C:019FH         LINE#         719
  C:01A0H         LINE#         719
  C:01A2H         LINE#         719
  C:01A3H         LINE#         719
  C:01A4H         LINE#         719
  C:01A5H         LINE#         719
  C:01A6H         LINE#         719
  C:01A7H         LINE#         719
  C:01A8H         LINE#         719
  C:01AAH         LINE#         719
  C:01ABH         LINE#         719
  C:01ACH         LINE#         719
  C:01ADH         LINE#         719
  C:01AEH         LINE#         719
  C:01B0H         LINE#         720
  C:01B1H         LINE#         720
  C:01B2H         LINE#         720
  C:01B3H         LINE#         720
  C:01B4H         LINE#         720
  C:01B5H         LINE#         720
  C:01B6H         LINE#         720
  C:01B8H         LINE#         720
  C:01B9H         LINE#         720
  C:01BAH         LINE#         720
  C:01BBH         LINE#         720
  C:01BCH         LINE#         720
  C:01BEH         LINE#         720
  C:01BFH         LINE#         720
  C:01C0H         LINE#         720
  C:01C1H         LINE#         720
  C:01C2H         LINE#         720
  C:01C3H         LINE#         720
  C:01C4H         LINE#         720
  C:01C6H         LINE#         720
BL51 BANKED LINKER/LOCATER V6.22.4.0                                                  04/01/2025  17:15:30  PAGE 23


  C:01C7H         LINE#         720
  C:01C8H         LINE#         720
  C:01C9H         LINE#         720
  C:01CAH         LINE#         720
  C:01CCH         LINE#         721
  C:01CDH         LINE#         721
  C:01CEH         LINE#         721
  C:01CFH         LINE#         721
  C:01D0H         LINE#         721
  C:01D1H         LINE#         721
  C:01D2H         LINE#         721
  C:01D4H         LINE#         721
  C:01D5H         LINE#         721
  C:01D6H         LINE#         721
  C:01D7H         LINE#         721
  C:01D8H         LINE#         721
  C:01DAH         LINE#         721
  C:01DBH         LINE#         721
  C:01DCH         LINE#         721
  C:01DDH         LINE#         721
  C:01DEH         LINE#         721
  C:01DFH         LINE#         721
  C:01E0H         LINE#         721
  C:01E2H         LINE#         721
  C:01E3H         LINE#         721
  C:01E4H         LINE#         721
  C:01E5H         LINE#         721
  C:01E6H         LINE#         721
  C:01E8H         LINE#         723
  C:01E9H         LINE#         724
  C:01EAH         LINE#         725
  C:01EBH         LINE#         726
  C:01ECH         LINE#         727
  C:01EEH         LINE#         728
  C:01EFH         LINE#         729
  C:01F0H         LINE#         730
  C:01F1H         LINE#         731
  C:01F3H         LINE#         732
  C:01F4H         LINE#         733
  C:01F5H         LINE#         734
  C:01F7H         LINE#         736
  C:01FAH         LINE#         737
  C:01FCH         LINE#         738
  C:01FEH         LINE#         739
  C:0200H         LINE#         743
  C:0201H         LINE#         744
  C:0202H         LINE#         745
  C:0203H         LINE#         746
  C:0205H         LINE#         747
  C:0206H         LINE#         748
  C:0207H         LINE#         749
  C:0208H         LINE#         750
  C:0209H         LINE#         751
  C:020BH         LINE#         752
  C:020CH         LINE#         753
  C:020DH         LINE#         754
  C:020EH         LINE#         755
BL51 BANKED LINKER/LOCATER V6.22.4.0                                                  04/01/2025  17:15:30  PAGE 24


  C:020FH         LINE#         756
  C:0210H         LINE#         757
  C:0212H         LINE#         758
  C:0213H         LINE#         760
  C:0214H         LINE#         761
  C:0215H         LINE#         762
  C:0216H         LINE#         763
  C:0218H         LINE#         764
  C:0219H         LINE#         765
  C:021AH         LINE#         766
  C:021CH         LINE#         767
  C:021DH         LINE#         768
  C:021FH         LINE#         770
  C:0220H         LINE#         771
  C:0221H         LINE#         772
  C:0223H         LINE#         773
  C:0225H         LINE#         774
  C:0227H         LINE#         775
  C:0229H         LINE#         777
  C:022AH         LINE#         778
  C:022BH         LINE#         779
  C:022DH         LINE#         781
  C:022EH         LINE#         782
  C:022FH         LINE#         783
  C:0231H         LINE#         784
  C:0233H         LINE#         787
  C:0234H         LINE#         788
  C:0236H         LINE#         789
  C:0239H         LINE#         790
  C:023BH         LINE#         791
  C:023DH         LINE#         794
  C:023FH         LINE#         798
  C:0242H         LINE#         801
  C:0243H         LINE#         802
  C:0244H         LINE#         803
  C:0246H         LINE#         804
  C:0247H         LINE#         805
  C:0248H         LINE#         806
  C:024AH         LINE#         807
  C:024BH         LINE#         808
  C:024DH         LINE#         810
  C:024EH         LINE#         811
  C:024FH         LINE#         812
  C:0250H         LINE#         813
  C:0251H         LINE#         814
  C:0254H         LINE#         816
  C:0256H         LINE#         817
  C:0258H         LINE#         820
  C:025BH         LINE#         822
  C:025DH         LINE#         825
  C:0260H         LINE#         827
  C:0262H         LINE#         829
  C:0263H         LINE#         830
  C:0264H         LINE#         831
  C:0265H         LINE#         832
  C:0266H         LINE#         833
  C:0267H         LINE#         834
BL51 BANKED LINKER/LOCATER V6.22.4.0                                                  04/01/2025  17:15:30  PAGE 25


  C:0268H         LINE#         835
  C:0269H         LINE#         838
  C:026AH         LINE#         839
  C:026BH         LINE#         840
  C:026CH         LINE#         841
  C:026DH         LINE#         842
  C:026EH         LINE#         844
  C:026FH         LINE#         845
  C:0270H         LINE#         846
  C:0271H         LINE#         847
  C:0272H         LINE#         848
  C:0273H         LINE#         849
  C:0274H         LINE#         850
  C:0275H         LINE#         852
  C:0276H         LINE#         853
  C:0277H         LINE#         854
  C:0278H         LINE#         855
  C:0279H         LINE#         856
  C:027BH         LINE#         857
  C:027CH         LINE#         858
  C:027FH         LINE#         860
  C:0281H         LINE#         861
  C:0283H         LINE#         864
  C:0285H         LINE#         865
  C:0287H         LINE#         866
  C:0289H         LINE#         868
  C:028CH         LINE#         870
  C:028EH         LINE#         871
  C:028FH         LINE#         872
  C:0290H         LINE#         873
  C:0291H         LINE#         874
  C:0293H         LINE#         876
  C:0294H         LINE#         877
  C:0295H         LINE#         878
  C:0296H         LINE#         879
  C:0298H         LINE#         881
  C:0299H         LINE#         882
  C:029AH         LINE#         885
  C:029CH         LINE#         886
  C:029DH         LINE#         887
  C:029EH         LINE#         888
  C:029FH         LINE#         889
  C:02A0H         LINE#         890
  C:02A1H         LINE#         891
  C:02A3H         LINE#         892
  C:02A4H         LINE#         896
  C:02A5H         LINE#         897
  C:02A6H         LINE#         898
  C:02A7H         LINE#         899
  C:02A8H         LINE#         900
  C:02AAH         LINE#         901
  C:02ABH         LINE#         902
  C:02ACH         LINE#         903
  C:02ADH         LINE#         904
  C:02AEH         LINE#         905
  C:02B0H         LINE#         906
  C:02B1H         LINE#         907
BL51 BANKED LINKER/LOCATER V6.22.4.0                                                  04/01/2025  17:15:30  PAGE 26


  C:02B2H         LINE#         908
  C:02B4H         LINE#         910
  C:02B5H         LINE#         911
  C:02B7H         LINE#         913
  C:02B9H         LINE#         926
  C:02BCH         LINE#         927
  C:02BEH         LINE#         928
  C:02C0H         LINE#         930
  C:02C2H         LINE#         931
  C:02C4H         LINE#         933
  C:02C6H         LINE#         935
  C:02C8H         LINE#         938
  C:02CBH         LINE#         939
  C:02CDH         LINE#         940
  C:02CFH         LINE#         941
  C:02D1H         LINE#         953
  C:02D3H         LINE#         954
  C:02D5H         LINE#         955
  C:02D7H         LINE#         956
  C:02D9H         LINE#         958
  C:02DBH         LINE#         959
  C:02DDH         LINE#         962
  C:02DFH         LINE#         963
  C:02E1H         LINE#         965
  C:02E4H         LINE#         966
  C:02E6H         LINE#         969
  C:02E9H         LINE#         972
  C:02EBH         LINE#         973
  C:02EDH         LINE#         975
  C:02EFH         LINE#         978
  C:02F0H         LINE#         979
  C:02F2H         LINE#         980
  C:02F4H         LINE#         983
  C:02F7H         LINE#         984
  C:02F9H         LINE#         988
  C:02FBH         LINE#         989
  C:02FDH         LINE#         990
  C:02FFH         LINE#         991
  C:0301H         LINE#         993
  C:0304H         LINE#         996
  C:0306H         LINE#         997
  C:0308H         LINE#         998
  C:0309H         LINE#         1011
  C:030BH         LINE#         1012
  C:030EH         LINE#         1013
  C:0311H         LINE#         1014
  C:0314H         LINE#         1015
  C:0316H         LINE#         1016
  C:0319H         LINE#         1017
  C:031BH         LINE#         1018
  C:031CH         LINE#         1029
  C:031EH         LINE#         1030
  C:0320H         LINE#         1032
  C:0323H         LINE#         1034
  C:0326H         LINE#         1035
  C:0327H         LINE#         1036
  C:0328H         LINE#         1037
BL51 BANKED LINKER/LOCATER V6.22.4.0                                                  04/01/2025  17:15:30  PAGE 27


  C:032AH         LINE#         1038
  C:032BH         LINE#         1042
  C:032DH         LINE#         1043
  C:032FH         LINE#         1044
  C:0332H         LINE#         1045
  C:0334H         LINE#         1046
  C:0336H         LINE#         1047
  C:0338H         LINE#         1048
  C:033AH         LINE#         1049
  C:033CH         LINE#         1051
  C:033FH         LINE#         1051
  C:0341H         LINE#         1051
  C:0343H         LINE#         1051
  C:0345H         LINE#         1051
  C:0348H         LINE#         1051
  C:0349H         LINE#         1051
  C:034CH         LINE#         1051
  C:034FH         LINE#         1051
  C:0352H         LINE#         1051
  C:0355H         LINE#         1051
  C:0357H         LINE#         1051
  C:0359H         LINE#         1051
  C:035AH         LINE#         1051
  C:035BH         LINE#         1051
  C:035CH         LINE#         1051
  C:035DH         LINE#         1051
  C:035EH         LINE#         1051
  C:035FH         LINE#         1051
  C:0360H         LINE#         1051
  C:0361H         LINE#         1051
  C:0362H         LINE#         1051
  C:0363H         LINE#         1053
  C:0366H         LINE#         1056
  C:0367H         LINE#         1057
  C:0368H         LINE#         1058
  C:036AH         LINE#         1059
  C:036BH         LINE#         1060
  C:036CH         LINE#         1061
  C:036DH         LINE#         1062
  C:036FH         LINE#         1063
  C:0370H         LINE#         1064
  C:0371H         LINE#         1065
  C:0372H         LINE#         1066
  C:0373H         LINE#         1067
  C:0374H         LINE#         1068
  C:0375H         LINE#         1069
  C:0376H         LINE#         1070
  C:0377H         LINE#         1071
  C:0378H         LINE#         1072
  C:0379H         LINE#         1073
  C:037AH         LINE#         1074
  C:037BH         LINE#         1075
  C:037CH         LINE#         1076
  C:037DH         LINE#         1077
  C:037EH         LINE#         1078
  C:037FH         LINE#         1079
  C:0380H         LINE#         1083
BL51 BANKED LINKER/LOCATER V6.22.4.0                                                  04/01/2025  17:15:30  PAGE 28


  C:0382H         LINE#         1085
  C:0383H         LINE#         1086
  C:0385H         LINE#         1089
  C:0388H         LINE#         1092
  C:0389H         LINE#         1093
  C:038AH         LINE#         1094
  C:038BH         LINE#         1095
  C:038CH         LINE#         1096
  C:038DH         LINE#         1097
  C:038EH         LINE#         1098
  C:038FH         LINE#         1099
  C:0390H         LINE#         1100
  C:0391H         LINE#         1101
  C:0392H         LINE#         1102
  C:0394H         LINE#         1103
  C:0395H         LINE#         1104
  C:0397H         LINE#         1107
  C:039AH         LINE#         1110
  C:039BH         LINE#         1111
  C:039EH         LINE#         1112
  C:039FH         LINE#         1113
  C:03A1H         LINE#         1114
  C:03A2H         LINE#         1115
  C:03A5H         LINE#         1116
  C:03A6H         LINE#         1117
  C:03A7H         LINE#         1118
  C:03A8H         LINE#         1119
  C:03AAH         LINE#         1120
  C:03ACH         LINE#         1121
  C:03ADH         LINE#         1122
  C:03AFH         LINE#         1127
  C:03B0H         LINE#         1128
  C:03B1H         LINE#         1129
  C:03B2H         LINE#         1130
  C:03B3H         LINE#         1131
  C:03B4H         LINE#         1132
  C:03B5H         LINE#         1133
  C:03B6H         LINE#         1134
  C:03B7H         LINE#         1135
  C:03B8H         LINE#         1136
  C:03B9H         LINE#         1138
  C:03BAH         LINE#         1142
  C:03BDH         LINE#         1144
  C:03BEH         LINE#         1145
  C:03C0H         LINE#         1146
  C:03C1H         LINE#         1150
  C:03C4H         LINE#         1152
  C:03C5H         LINE#         1153
  C:03C6H         LINE#         1154
  C:03C7H         LINE#         1155
  C:03C9H         LINE#         1156
  C:03CBH         LINE#         1157
  C:03CCH         LINE#         1158
  C:03CDH         LINE#         1159
  C:03CEH         LINE#         1160
  C:03CFH         LINE#         1161
  C:03D0H         LINE#         1162
BL51 BANKED LINKER/LOCATER V6.22.4.0                                                  04/01/2025  17:15:30  PAGE 29


  C:03D1H         LINE#         1163
  C:03D2H         LINE#         1164
  C:03D3H         LINE#         1165
  C:03D4H         LINE#         1166
  C:03D5H         LINE#         1167
  C:03D6H         LINE#         1168
  C:03D7H         LINE#         1169
  C:03D8H         LINE#         1173
  C:03D9H         LINE#         1174
  C:03DAH         LINE#         1178
  C:03DCH         LINE#         1180
  C:03DEH         LINE#         1183
  C:03DFH         LINE#         1184
  C:03E0H         LINE#         1188
  C:03E2H         LINE#         1190
  C:03E3H         LINE#         1194
  C:03E5H         LINE#         1196
  C:03E7H         LINE#         1199
  C:03E9H         LINE#         1200
  C:03EBH         LINE#         1201
  C:03EDH         LINE#         1203
  C:03EFH         LINE#         1205
  C:03F0H         LINE#         1206
  C:03F2H         LINE#         1207
  C:03F4H         LINE#         1208
  C:03F6H         LINE#         1209
  C:03F8H         LINE#         1211
  C:03FBH         LINE#         1212
  C:03FDH         LINE#         1216
  C:03FFH         LINE#         1217
  C:0401H         LINE#         1219
  C:0403H         LINE#         1222
  C:0406H         LINE#         1224
  C:0408H         LINE#         1228
  C:040AH         LINE#         1230
  C:040CH         LINE#         1233
  C:040EH         LINE#         1234
  C:0410H         LINE#         1235
  C:0413H         LINE#         1237
  C:0415H         LINE#         1238
  C:0417H         LINE#         1241
  C:0418H         LINE#         1242
  C:0419H         LINE#         1243
  C:041AH         LINE#         1244
  C:041BH         LINE#         1245
  C:041CH         LINE#         1246
  C:041DH         LINE#         1247
  C:041EH         LINE#         1248
  C:0420H         LINE#         1249
  C:0422H         LINE#         1250
  C:0424H         LINE#         1251
  C:0427H         LINE#         1253
  C:0429H         LINE#         1255
  C:042CH         LINE#         1257
  C:042EH         LINE#         1258
  C:0430H         LINE#         1261
  C:0433H         LINE#         1263
BL51 BANKED LINKER/LOCATER V6.22.4.0                                                  04/01/2025  17:15:30  PAGE 30


  C:0435H         LINE#         1266
  C:0438H         LINE#         1268
  C:043AH         LINE#         1269
  C:043CH         LINE#         1271
  C:043FH         LINE#         1273
  C:0441H         LINE#         1275
  C:0442H         LINE#         1276
  C:0443H         LINE#         1277
  C:0444H         LINE#         1278
  C:0445H         LINE#         1279
  C:0446H         LINE#         1280
  C:0447H         LINE#         1281
  C:0448H         LINE#         1282
  C:044AH         LINE#         1283
  C:044CH         LINE#         1285
  C:044DH         LINE#         1286
  C:044EH         LINE#         1287
  C:0450H         LINE#         1288
  C:0451H         LINE#         1289
  C:0452H         LINE#         1290
  C:0453H         LINE#         1291
  C:0455H         LINE#         1292
  C:0456H         LINE#         1295
  C:0457H         LINE#         1296
  C:0458H         LINE#         1300
  C:045AH         LINE#         1302
  C:045BH         LINE#         1303
  C:045CH         LINE#         1304
  C:045EH         LINE#         1305
  C:045FH         LINE#         1306
  C:0461H         LINE#         1308
  C:0463H         LINE#         1309
  C:0465H         LINE#         1310
  C:0467H         LINE#         1311
  C:0469H         LINE#         1314
  C:046BH         LINE#         1315
  C:046DH         LINE#         1318
  C:046FH         LINE#         1319
  C:0471H         LINE#         1320
  C:0473H         LINE#         1321
  C:0475H         LINE#         1325
  C:0477H         LINE#         1326
  C:0479H         LINE#         1327
  C:047BH         LINE#         1329
  C:047EH         LINE#         1331
  C:0480H         LINE#         1333
  C:0481H         LINE#         1335
  C:0482H         LINE#         1336
  C:0483H         LINE#         1337
  C:0485H         LINE#         1339
  C:0486H         LINE#         1340
  C:0487H         LINE#         1341
  C:0488H         LINE#         1342
  C:048AH         LINE#         1344
  C:048BH         LINE#         1345
  C:048CH         LINE#         1348
  C:048EH         LINE#         1349
BL51 BANKED LINKER/LOCATER V6.22.4.0                                                  04/01/2025  17:15:30  PAGE 31


  C:048FH         LINE#         1351
  C:0490H         LINE#         1353
  C:0491H         LINE#         1354
  C:0492H         LINE#         1355
  C:0493H         LINE#         1356
  C:0495H         LINE#         1357
  C:0496H         LINE#         1360
  C:0497H         LINE#         1361
  C:0499H         LINE#         1362
  C:049AH         LINE#         1363
  C:049BH         LINE#         1364
  C:049DH         LINE#         1365
  C:049EH         LINE#         1366
  C:04A0H         LINE#         1367
  C:04A1H         LINE#         1368
  C:04A2H         LINE#         1369
  C:04A3H         LINE#         1370
  C:04A5H         LINE#         1371
  C:04A7H         LINE#         1372
  C:04A8H         LINE#         1373
  C:04A9H         LINE#         1374
  C:04AAH         LINE#         1375
  C:04ABH         LINE#         1376
  C:04ACH         LINE#         1377
  C:04ADH         LINE#         1378
  C:04AEH         LINE#         1379
  C:04AFH         LINE#         1381
  C:04B0H         LINE#         1382
  C:04B1H         LINE#         1383
  C:04B2H         LINE#         1384
  C:04B3H         LINE#         1385
  C:04B4H         LINE#         1386
  C:04B5H         LINE#         1387
  C:04B6H         LINE#         1389
  C:04B7H         LINE#         1391
  C:04B8H         LINE#         1392
  C:04B9H         LINE#         1393
  C:04BBH         LINE#         1395
  C:04BCH         LINE#         1396
  C:04BDH         LINE#         1397
  C:04BEH         LINE#         1398
  C:04BFH         LINE#         1401
  C:04C0H         LINE#         1402
  C:04C1H         LINE#         1403
  C:04C2H         LINE#         1404
  C:04C3H         LINE#         1405
  C:04C4H         LINE#         1406
  C:04C5H         LINE#         1407
  C:04C6H         LINE#         1408
  C:04C7H         LINE#         1409
  C:04C8H         LINE#         1410
  C:04CAH         LINE#         1412
  C:04CBH         LINE#         1416
  C:04CEH         LINE#         1419
  C:04D0H         LINE#         1420
  C:04D2H         LINE#         1424
  C:04D4H         LINE#         1428
BL51 BANKED LINKER/LOCATER V6.22.4.0                                                  04/01/2025  17:15:30  PAGE 32


  C:04D6H         LINE#         1429
  C:04D8H         LINE#         1431
  C:04D9H         LINE#         1432
  C:04DBH         LINE#         1434
  C:04DEH         LINE#         1437
  C:04DFH         LINE#         1438
  C:04E1H         LINE#         1439
  C:04E2H         LINE#         1440
  C:04E4H         LINE#         1441
  C:04E6H         LINE#         1443
  C:04E8H         LINE#         1446
  C:04E9H         LINE#         1447
  C:04EAH         LINE#         1448
  C:04ECH         LINE#         1449
  C:04EEH         LINE#         1451
  C:04EFH         LINE#         1455
  C:04F2H         LINE#         1457
  C:04F3H         LINE#         1458
  C:04F4H         LINE#         1459
  C:04F6H         LINE#         1462
  C:04F7H         LINE#         1463
  C:04F8H         LINE#         1464
  C:04F9H         LINE#         1465
  C:04FAH         LINE#         1466
  C:04FBH         LINE#         1470
  C:04FDH         LINE#         1472
  C:04FEH         LINE#         1474
  C:04FFH         LINE#         1475
  C:0500H         LINE#         1479
  C:0502H         LINE#         1481
  C:0503H         LINE#         1482
  C:0504H         LINE#         1483
  C:0506H         LINE#         1484
  C:0507H         LINE#         1485
  C:0509H         LINE#         1487
  C:050BH         LINE#         1488
  C:050DH         LINE#         1492
  C:050FH         LINE#         1493
  C:0511H         LINE#         1495
  C:0513H         LINE#         1496
  C:0515H         LINE#         1498
  C:0518H         LINE#         1500
  C:051AH         LINE#         1501
  C:051CH         LINE#         1502
  C:051EH         LINE#         1503
  C:0521H         LINE#         1504
  C:0524H         LINE#         1505
  C:0527H         LINE#         1506
  C:0528H         LINE#         1534
  C:052BH         LINE#         1536
  C:052DH         LINE#         1537
  C:052FH         LINE#         1538
  C:0531H         LINE#         1539
  C:0534H         LINE#         1540
  C:0535H         LINE#         1551
  C:0537H         LINE#         1552
  C:0539H         LINE#         1553
BL51 BANKED LINKER/LOCATER V6.22.4.0                                                  04/01/2025  17:15:30  PAGE 33


  C:053BH         LINE#         1554
  C:053EH         LINE#         1555
  C:0541H         LINE#         1556
  C:0543H         LINE#         1557
  C:0544H         LINE#         1568
  C:0546H         LINE#         1569
  C:0548H         LINE#         1570
  C:054AH         LINE#         1571
  C:054CH         LINE#         1575
  C:054EH         LINE#         1576
  C:0550H         LINE#         1580
  C:0553H         LINE#         1582
  C:0555H         LINE#         1587
  C:0558H         LINE#         1588
  C:055BH         LINE#         1590
  C:055DH         LINE#         1593
  C:055FH         LINE#         1598
  C:0562H         LINE#         1599
  C:0565H         LINE#         1603
  C:0566H         LINE#         1603
[...]
  C:0FD8H         LINE#         3853
  C:0FDAH         LINE#         3855
  C:0FDCH         LINE#         3856
  C:0FDEH         LINE#         3857
  C:0FE1H         LINE#         3858
  C:0FE3H         LINE#         3859
  C:0FE5H         LINE#         3860
  C:0FE7H         LINE#         3861
  C:0FE8H         LINE#         3862
  C:0FEAH         LINE#         3863
  C:0FECH         LINE#         3864
  C:0FEEH         LINE#         3865
BL51 BANKED LINKER/LOCATER V6.22.4.0                                                  04/01/2025  17:15:30  PAGE 59


  C:0FF0H         LINE#         3867
  C:0FF3H         LINE#         3868
  C:0FF5H         LINE#         3869
  C:0FF7H         LINE#         3870
  C:0FFAH         LINE#         3871
  C:0FFCH         LINE#         3872
  C:0FFEH         LINE#         3873
  C:1000H         LINE#         3875
  C:1003H         LINE#         3876
  C:1004H         LINE#         3877
  C:1006H         LINE#         3878
  C:1008H         LINE#         3879
  C:1009H         LINE#         3880
  C:100AH         LINE#         3881
  C:100CH         LINE#         3882
  C:100DH         LINE#         3883
  C:100EH         LINE#         3884
  C:1010H         LINE#         3885
  C:1012H         LINE#         3886
  C:1013H         LINE#         3887
  C:1015H         LINE#         3890
  C:1016H         LINE#         3891
  C:1018H         LINE#         3892
  C:101AH         LINE#         3893
  C:101BH         LINE#         3896
  C:101EH         LINE#         3897
  C:1020H         LINE#         3898
  C:1022H         LINE#         3901
  C:1025H         LINE#         3902
  C:1028H         LINE#         3903
  C:102BH         LINE#         3907
  C:102EH         LINE#         3908
  C:1031H         LINE#         3909
  C:1034H         LINE#         3910
  C:1035H         LINE#         3911
  C:1037H         LINE#         3912
  C:1039H         LINE#         3913
  C:103BH         LINE#         3915
  C:103EH         LINE#         3919
  C:1040H         LINE#         3920
  C:1043H         LINE#         3921
  C:1046H         LINE#         3922
  C:1049H         LINE#         3923
  C:104BH         LINE#         3924
  C:104EH         LINE#         3927
  C:1051H         LINE#         3931
  C:1052H         LINE#         3932
  C:1054H         LINE#         3933
  C:1056H         LINE#         3935
  C:1058H         LINE#         3936
  C:105AH         LINE#         3937
  C:105BH         LINE#         3938
  C:105DH         LINE#         3940
  C:105FH         LINE#         3941
  C:1061H         LINE#         3942
  C:1062H         LINE#         3943
  C:1064H         LINE#         3944
BL51 BANKED LINKER/LOCATER V6.22.4.0                                                  04/01/2025  17:15:30  PAGE 60


  C:1065H         LINE#         3945
  C:1067H         LINE#         3947
  C:1069H         LINE#         3948
  C:106AH         LINE#         3949
  C:106CH         LINE#         3951
  C:106EH         LINE#         3952
  C:106FH         LINE#         3953
  C:1071H         LINE#         3955
  C:1073H         LINE#         3956
  C:1074H         LINE#         3957
  C:1076H         LINE#         3959
  C:1079H         LINE#         3962
  C:107AH         LINE#         3963
  C:107CH         LINE#         3964
  C:107DH         LINE#         3965
  C:107FH         LINE#         3967
  C:1082H         LINE#         3968
  C:1085H         LINE#         3969
  C:1087H         LINE#         3970
  C:108AH         LINE#         3971
  C:108CH         LINE#         3972
  C:108EH         LINE#         3973
  C:1090H         LINE#         3974
  C:1093H         LINE#         3975
  C:1095H         LINE#         3976
  C:1097H         LINE#         3977
  C:1099H         LINE#         3978
  C:109CH         LINE#         3981
  C:109FH         LINE#         3982
  C:10A1H         LINE#         3983
  C:10A3H         LINE#         3985
  C:10A6H         LINE#         3988
  C:10A7H         LINE#         3989
  C:10A9H         LINE#         3990
  C:10ABH         LINE#         3991
  C:10ADH         LINE#         3993
  C:10AEH         LINE#         3994
  C:10B0H         LINE#         3995
  C:10B2H         LINE#         3996
  C:10B4H         LINE#         3998
  C:10B7H         LINE#         4001
  C:10BAH         LINE#         4002
  C:10BCH         LINE#         4003
  C:10BEH         LINE#         4004
  C:10C1H         LINE#         4006
  C:10C4H         LINE#         4007
  C:10C7H         LINE#         4008
  C:10CAH         LINE#         4011
  C:10CBH         LINE#         4012
  C:10CDH         LINE#         4013
  C:10CFH         LINE#         4014
  C:10D1H         LINE#         4016
  C:10D3H         LINE#         4017
  C:10D6H         LINE#         4018
  C:10D8H         LINE#         4019
  C:10DAH         LINE#         4020
  C:10DDH         LINE#         4021
BL51 BANKED LINKER/LOCATER V6.22.4.0                                                  04/01/2025  17:15:30  PAGE 61


  C:10DFH         LINE#         4022
  C:10E1H         LINE#         4023
  C:10E3H         LINE#         4024
  C:10E6H         LINE#         4025
  C:10E8H         LINE#         4028
  C:10E9H         LINE#         4029
  C:10EBH         LINE#         4030
  C:10EDH         LINE#         4031
  C:10EFH         LINE#         4033
  C:10F1H         LINE#         4034
  C:10F4H         LINE#         4035
  C:10F6H         LINE#         4036
  C:10F8H         LINE#         4037
  C:10FBH         LINE#         4038
  C:10FDH         LINE#         4039
  C:10FFH         LINE#         4040
  C:1101H         LINE#         4041
  C:1104H         LINE#         4042
  C:1106H         LINE#         4045
  C:1107H         LINE#         4046
  C:1109H         LINE#         4047
  C:110BH         LINE#         4048
  C:110DH         LINE#         4050
  C:110FH         LINE#         4051
  C:1112H         LINE#         4052
  C:1114H         LINE#         4053
  C:1116H         LINE#         4054
  C:1119H         LINE#         4055
  C:111BH         LINE#         4056
  C:111DH         LINE#         4057
  C:111FH         LINE#         4058
  C:1122H         LINE#         4059
  C:1124H         LINE#         4062
  C:1125H         LINE#         4063
  C:1127H         LINE#         4064
  C:1129H         LINE#         4065
  C:112BH         LINE#         4067
  C:112DH         LINE#         4068
  C:1130H         LINE#         4069
  C:1132H         LINE#         4070
  C:1134H         LINE#         4071
  C:1137H         LINE#         4072
  C:1139H         LINE#         4073
  C:113BH         LINE#         4074
  C:113DH         LINE#         4075
  C:1140H         LINE#         4076
  C:1142H         LINE#         4079
  C:1143H         LINE#         4080
  C:1145H         LINE#         4081
  C:1147H         LINE#         4082
  C:1149H         LINE#         4084
  C:114BH         LINE#         4085
  C:114EH         LINE#         4086
  C:1150H         LINE#         4087
  C:1152H         LINE#         4088
  C:1155H         LINE#         4089
  C:1157H         LINE#         4090
BL51 BANKED LINKER/LOCATER V6.22.4.0                                                  04/01/2025  17:15:30  PAGE 62


  C:1159H         LINE#         4091
  C:115BH         LINE#         4092
  C:115EH         LINE#         4093
  C:1160H         LINE#         4096
  C:1161H         LINE#         4097
  C:1163H         LINE#         4098
  C:1165H         LINE#         4099
  C:1167H         LINE#         4101
  C:1168H         LINE#         4102
  C:116AH         LINE#         4103
  C:116CH         LINE#         4104
  C:116EH         LINE#         4105
  C:1170H         LINE#         4107
  C:1172H         LINE#         4108
  C:1175H         LINE#         4109
  C:1177H         LINE#         4110
  C:1179H         LINE#         4111
  C:117AH         LINE#         4112
  C:117CH         LINE#         4113
  C:117EH         LINE#         4114
  C:1180H         LINE#         4117
  C:1181H         LINE#         4118
  C:1183H         LINE#         4119
  C:1185H         LINE#         4120
  C:1187H         LINE#         4122
  C:1188H         LINE#         4123
  C:118AH         LINE#         4124
  C:118CH         LINE#         4125
  C:118EH         LINE#         4126
  C:1190H         LINE#         4128
  C:1192H         LINE#         4129
  C:1195H         LINE#         4130
  C:1197H         LINE#         4131
  C:1199H         LINE#         4132
  C:119AH         LINE#         4133
  C:119CH         LINE#         4134
  C:119EH         LINE#         4135
  C:11A0H         LINE#         4138
  C:11A1H         LINE#         4139
  C:11A3H         LINE#         4140
  C:11A5H         LINE#         4141
  C:11A7H         LINE#         4143
  C:11A8H         LINE#         4144
  C:11AAH         LINE#         4145
  C:11ACH         LINE#         4146
  C:11AEH         LINE#         4147
  C:11B0H         LINE#         4149
  C:11B3H         LINE#         4151
  C:11B4H         LINE#         4152
  C:11B6H         LINE#         4153
  C:11B7H         LINE#         4154
  C:11B9H         LINE#         4155
  C:11BAH         LINE#         4156
  C:11BCH         LINE#         4157
  C:11BEH         LINE#         4160
  C:11BFH         LINE#         4161
  C:11C1H         LINE#         4162
BL51 BANKED LINKER/LOCATER V6.22.4.0                                                  04/01/2025  17:15:30  PAGE 63


  C:11C3H         LINE#         4163
  C:11C5H         LINE#         4165
  C:11C6H         LINE#         4166
  C:11C8H         LINE#         4167
  C:11CAH         LINE#         4168
  C:11CCH         LINE#         4169
  C:11CEH         LINE#         4171
  C:11D1H         LINE#         4173
  C:11D3H         LINE#         4174
  C:11D4H         LINE#         4175
  C:11D6H         LINE#         4176
  C:11D7H         LINE#         4177
  C:11D9H         LINE#         4178
  C:11DBH         LINE#         4181
  C:11DCH         LINE#         4182
  C:11DEH         LINE#         4183
  C:11E0H         LINE#         4184
  C:11E2H         LINE#         4186
  C:11E3H         LINE#         4187
  C:11E5H         LINE#         4188
  C:11E7H         LINE#         4189
  C:11E9H         LINE#         4190
  C:11EBH         LINE#         4192
  C:11EDH         LINE#         4193
  C:11F0H         LINE#         4194
  C:11F2H         LINE#         4195
  C:11F3H         LINE#         4196
  C:11F5H         LINE#         4197
  C:11F7H         LINE#         4198
  C:11F8H         LINE#         4199
  C:11F9H         LINE#         4200
  C:11FBH         LINE#         4201
  C:11FDH         LINE#         4202
  C:11FFH         LINE#         4203
  C:1201H         LINE#         4204
  C:1203H         LINE#         4205
  C:1205H         LINE#         4206
  C:1207H         LINE#         4209
  C:1208H         LINE#         4210
  C:120AH         LINE#         4211
  C:120CH         LINE#         4212
  C:120EH         LINE#         4214
  C:120FH         LINE#         4215
  C:1211H         LINE#         4216
  C:1213H         LINE#         4217
  C:1215H         LINE#         4219
  C:1217H         LINE#         4220
  C:121AH         LINE#         4221
  C:121CH         LINE#         4222
  C:121DH         LINE#         4223
  C:121FH         LINE#         4224
  C:1220H         LINE#         4225
  C:1223H         LINE#         4226
  C:1225H         LINE#         4227
  C:1228H         LINE#         4228
  C:122AH         LINE#         4229
  C:122DH         LINE#         4230
BL51 BANKED LINKER/LOCATER V6.22.4.0                                                  04/01/2025  17:15:30  PAGE 64


  C:122FH         LINE#         4231
  C:1232H         LINE#         4232
  C:1234H         LINE#         4233
  C:1236H         LINE#         4234
  C:1237H         LINE#         4235
  C:1238H         LINE#         4236
  C:123AH         LINE#         4237
  C:123CH         LINE#         4238
  C:123EH         LINE#         4239
  C:1240H         LINE#         4240
  C:1242H         LINE#         4241
  C:1244H         LINE#         4242
  C:1246H         LINE#         4245
  C:1247H         LINE#         4246
  C:1249H         LINE#         4247
  C:124BH         LINE#         4248
  C:124DH         LINE#         4250
  C:1250H         LINE#         4251
  C:1253H         LINE#         4252
  C:1254H         LINE#         4253
  C:1256H         LINE#         4254
  C:1258H         LINE#         4255
  C:125AH         LINE#         4257
  C:125CH         LINE#         4258
  C:125EH         LINE#         4261
  C:1261H         LINE#         4262
  C:1264H         LINE#         4265
  C:1267H         LINE#         4266
  C:126AH         LINE#         4267
  C:126CH         LINE#         4275
  C:126EH         LINE#         4276
  C:1271H         LINE#         4277
  C:1272H         LINE#         4278
  C:1274H         LINE#         4279
  C:1275H         LINE#         4280
  C:1277H         LINE#         4281
  C:1279H         LINE#         4282
  C:127BH         LINE#         4283
  C:127DH         LINE#         4287
  C:1280H         LINE#         4288
  C:1283H         LINE#         4289
  C:1286H         LINE#         4291
  C:1289H         LINE#         4292
  C:128BH         LINE#         4292
  C:128DH         LINE#         4293
  C:128EH         LINE#         4294
  C:1290H         LINE#         4296
  C:1291H         LINE#         4298
  C:1293H         LINE#         4299
  C:1296H         LINE#         4300
  C:1299H         LINE#         4302
  C:129BH         LINE#         4303
  C:129EH         LINE#         4304
  C:12A1H         LINE#         4305
  C:12A4H         LINE#         4306
  C:12A6H         LINE#         4309
  C:12A9H         LINE#         4309
BL51 BANKED LINKER/LOCATER V6.22.4.0                                                  04/01/2025  17:15:30  PAGE 65


  C:12ACH         LINE#         4309
  C:12AFH         LINE#         4309
  C:12B2H         LINE#         4309
  C:12B5H         LINE#         4311
  C:12B8H         LINE#         4313
  C:12BAH         LINE#         4314
  C:12BDH         LINE#         4315
  C:12BFH         LINE#         4318
  C:12C1H         LINE#         4319
  C:12C4H         LINE#         4320
  C:12C7H         LINE#         4321
  C:12CAH         LINE#         4322
  C:12CDH         LINE#         4323
  C:12D0H         LINE#         4324
  C:12D3H         LINE#         4325
  C:12D6H         LINE#         4326
  C:12D9H         LINE#         4339
  C:12DCH         LINE#         4342
  C:12DFH         LINE#         4343
  C:12E2H         LINE#         4344
  C:12E5H         LINE#         4352
  C:12E8H         LINE#         4355
  C:12EBH         LINE#         4356
  C:12EEH         LINE#         4357
  C:12F1H         LINE#         4358
  C:12F4H         LINE#         4359
  C:12F7H         LINE#         4360
  C:12FAH         LINE#         4361
  C:12FDH         LINE#         4369
  C:1300H         LINE#         4372
  C:1303H         LINE#         4373
  C:1306H         LINE#         4374
  C:1309H         LINE#         4382
  C:130CH         LINE#         4385
  C:130FH         LINE#         4386
  C:1312H         LINE#         4387
  C:1315H         LINE#         4395
  C:1318H         LINE#         4398
  C:131BH         LINE#         4399
  C:131EH         LINE#         4400
  C:1321H         LINE#         4408
  C:1324H         LINE#         4409
  C:1327H         LINE#         4412
  C:132AH         LINE#         4413
  C:132DH         LINE#         4414
  C:1330H         LINE#         4415
  C:1333H         LINE#         4421
  C:1336H         LINE#         4424
  C:1339H         LINE#         4426
  C:133BH         LINE#         4427
  C:133DH         LINE#         4428
  C:133EH         LINE#         4429
  C:1340H         LINE#         4430
  C:1341H         LINE#         4431
  C:1343H         LINE#         4433
  C:1345H         LINE#         4434
  C:1347H         LINE#         4435
BL51 BANKED LINKER/LOCATER V6.22.4.0                                                  04/01/2025  17:15:30  PAGE 66


  C:1349H         LINE#         4436
  C:134CH         LINE#         4437
  C:134FH         LINE#         4438
  C:1351H         LINE#         4441
  C:1352H         LINE#         4442
  C:1354H         LINE#         4443
  C:1356H         LINE#         4444
  C:1358H         LINE#         4446
  C:135BH         LINE#         4448
  C:135DH         LINE#         4453
  C:1360H         LINE#         4454
  C:1363H         LINE#         4457
  C:1365H         LINE#         4458
  C:1366H         LINE#         4460
  C:1368H         LINE#         4462
  C:136AH         LINE#         4463
  C:136CH         LINE#         4464
  C:136EH         LINE#         4467
  C:1370H         LINE#         4469
  C:1373H         LINE#         4471
  C:1374H         LINE#         4472
  C:1376H         LINE#         4473
  C:1378H         LINE#         4474
  C:137AH         LINE#         4477
  C:137DH         LINE#         4479
  C:137FH         LINE#         4483
  C:1382H         LINE#         4485
  C:1385H         LINE#         4487
  C:1387H         LINE#         4488
  C:1389H         LINE#         4489
  C:138AH         LINE#         4490
  C:138CH         LINE#         4492
  C:138EH         LINE#         4494
  C:138FH         LINE#         4495
  C:1391H         LINE#         4496
  C:1392H         LINE#         4497
  C:1394H         LINE#         4500
  C:1396H         LINE#         4501
  C:1398H         LINE#         4504
  C:139BH         LINE#         4506
  C:139EH         LINE#         4507
  C:13A1H         LINE#         4508
  C:13A3H         LINE#         4511
  C:13A6H         LINE#         4512
  C:13A8H         LINE#         4515
  C:13ABH         LINE#         4517
  C:13ADH         LINE#         4518
  C:13B0H         LINE#         4519
  C:13B2H         LINE#         4522
  C:13B4H         LINE#         4523
  C:13B7H         LINE#         4525
  C:13BAH         LINE#         4526
  C:13BCH         LINE#         4529
  C:13BDH         LINE#         4530
  C:13BFH         LINE#         4531
  C:13C0H         LINE#         4532
  C:13C2H         LINE#         4533
BL51 BANKED LINKER/LOCATER V6.22.4.0                                                  04/01/2025  17:15:30  PAGE 67


  C:13C5H         LINE#         4535
  C:13C8H         LINE#         4537
  C:13CAH         LINE#         4538
  C:13CCH         LINE#         4539
  C:13CFH         LINE#         4540
  C:13D1H         LINE#         4541
  C:13D3H         LINE#         4542
  C:13D6H         LINE#         4543
  C:13D9H         LINE#         4544
  C:13DBH         LINE#         4547
  C:13DDH         LINE#         4548
  C:13DFH         LINE#         4549
  C:13E1H         LINE#         4550
  C:13E3H         LINE#         4553
  C:13E6H         LINE#         4556
  C:13E8H         LINE#         4557
  C:13EBH         LINE#         4558
  C:13EEH         LINE#         4559
  C:13F1H         LINE#         4561
  C:13F4H         LINE#         4561
  C:13F7H         LINE#         4561
  C:13FAH         LINE#         4561
  C:13FDH         LINE#         4561
  C:1400H         LINE#         4563
  C:1402H         LINE#         4564
  C:1405H         LINE#         4565
  C:1408H         LINE#         4566
  C:140AH         LINE#         4567
  C:140BH         LINE#         4568
  C:140DH         LINE#         4570
  C:140FH         LINE#         4571
  C:1411H         LINE#         4572
  C:1413H         LINE#         4575
  C:1414H         LINE#         4576
  C:1416H         LINE#         4577
  C:1418H         LINE#         4578
  C:141AH         LINE#         4579
  C:141DH         LINE#         4582
  C:19FDH         LINE#         4599
  -------         ENDMOD        BLHELI_S

Program Size: data=169.0 xdata=0 code=5966
LINK/LOCATE RUN COMPLETE.  0 WARNING(S),  0 ERROR(S)
